SECOND_PIN_DEPTH_START=2026-09-03T21:02:30Z
PIN_TAG=v6.1.119
LINUX=/opt/atlas/livepatch-corpus/linux-second-pin
PIN_COMMIT=e4d90d63d385228b1e0bcf31cc15539bbbc28f7f
2fa03847cde6397f84e06f72a213997ea8e80aee04818dbf797af309429afd43  /opt/atlas/livepatch-corpus/linux-second-pin/arch/x86/boot/bzImage
=== DEPTH INCLUDE CVE-2023-52577 ===
make: Entering directory '/home/boma/Project-Atlas/repos/livepatch-differential-harness/pilot/handbuild/LP-CVE-2023-52577'
make -C /opt/atlas/livepatch-corpus/linux-second-pin M=/home/boma/Project-Atlas/repos/livepatch-differential-harness/pilot/handbuild/LP-CVE-2023-52577 modules
make[1]: Entering directory '/opt/atlas/livepatch-corpus/linux-second-pin'
  CC [M]  /home/boma/Project-Atlas/repos/livepatch-differential-harness/pilot/handbuild/LP-CVE-2023-52577/livepatch-cve-2023-52577.o
  MODPOST /home/boma/Project-Atlas/repos/livepatch-differential-harness/pilot/handbuild/LP-CVE-2023-52577/Module.symvers
WARNING: Module.symvers is missing.
         Modules may not have dependencies or modversions.
         You may get many unresolved symbol warnings.
WARNING: modpost: "__fentry__" [/home/boma/Project-Atlas/repos/livepatch-differential-harness/pilot/handbuild/LP-CVE-2023-52577/livepatch-cve-2023-52577.ko] undefined!
WARNING: modpost: "__x86_return_thunk" [/home/boma/Project-Atlas/repos/livepatch-differential-harness/pilot/handbuild/LP-CVE-2023-52577/livepatch-cve-2023-52577.ko] undefined!
WARNING: modpost: "klp_enable_patch" [/home/boma/Project-Atlas/repos/livepatch-differential-harness/pilot/handbuild/LP-CVE-2023-52577/livepatch-cve-2023-52577.ko] undefined!
WARNING: modpost: "seq_printf" [/home/boma/Project-Atlas/repos/livepatch-differential-harness/pilot/handbuild/LP-CVE-2023-52577/livepatch-cve-2023-52577.ko] undefined!
  CC [M]  /home/boma/Project-Atlas/repos/livepatch-differential-harness/pilot/handbuild/LP-CVE-2023-52577/livepatch-cve-2023-52577.mod.o
  LD [M]  /home/boma/Project-Atlas/repos/livepatch-differential-harness/pilot/handbuild/LP-CVE-2023-52577/livepatch-cve-2023-52577.ko
make[1]: Leaving directory '/opt/atlas/livepatch-corpus/linux-second-pin'
make: Leaving directory '/home/boma/Project-Atlas/repos/livepatch-differential-harness/pilot/handbuild/LP-CVE-2023-52577'
PRE_CLASS=SOUND
PRE_USES_SHADOW=0
PRE_HAS_STATE_CALLBACKS=0
PRE_IS_REPLACE=0
PRE_USES_KLP_STATES=0
PRE_RUNTIME_P3_ELIGIBLE=1
PRE_CLASS=SOUND
4173 blocks
QEMU 8.2.2 monitor - type 'help' for more information
(qemu) INSMOD_RC=0
KLP_ENABLED=1
KLP_TRANSITION=0
P2_PASS=1
P3_TRANSITION_COMPLETE=1
P3_ENABLED_ZERO=0
P3_BASELINE_OBSERVED=1
P3_TIMEOUT=0
P3_CONTRACT_PASS=1
P3_PASS=1
=== DEPTH INCLUDE CVE-2024-36904 ===
make: Entering directory '/home/boma/Project-Atlas/repos/livepatch-differential-harness/pilot/handbuild/LP-CVE-2024-36904'
make -C /opt/atlas/livepatch-corpus/linux-second-pin M=/home/boma/Project-Atlas/repos/livepatch-differential-harness/pilot/handbuild/LP-CVE-2024-36904 modules
make[1]: Entering directory '/opt/atlas/livepatch-corpus/linux-second-pin'
  CC [M]  /home/boma/Project-Atlas/repos/livepatch-differential-harness/pilot/handbuild/LP-CVE-2024-36904/livepatch-cve-2024-36904.o
  MODPOST /home/boma/Project-Atlas/repos/livepatch-differential-harness/pilot/handbuild/LP-CVE-2024-36904/Module.symvers
WARNING: Module.symvers is missing.
         Modules may not have dependencies or modversions.
         You may get many unresolved symbol warnings.
WARNING: modpost: "__fentry__" [/home/boma/Project-Atlas/repos/livepatch-differential-harness/pilot/handbuild/LP-CVE-2024-36904/livepatch-cve-2024-36904.ko] undefined!
WARNING: modpost: "__x86_return_thunk" [/home/boma/Project-Atlas/repos/livepatch-differential-harness/pilot/handbuild/LP-CVE-2024-36904/livepatch-cve-2024-36904.ko] undefined!
WARNING: modpost: "klp_enable_patch" [/home/boma/Project-Atlas/repos/livepatch-differential-harness/pilot/handbuild/LP-CVE-2024-36904/livepatch-cve-2024-36904.ko] undefined!
WARNING: modpost: "seq_printf" [/home/boma/Project-Atlas/repos/livepatch-differential-harness/pilot/handbuild/LP-CVE-2024-36904/livepatch-cve-2024-36904.ko] undefined!
  CC [M]  /home/boma/Project-Atlas/repos/livepatch-differential-harness/pilot/handbuild/LP-CVE-2024-36904/livepatch-cve-2024-36904.mod.o
  LD [M]  /home/boma/Project-Atlas/repos/livepatch-differential-harness/pilot/handbuild/LP-CVE-2024-36904/livepatch-cve-2024-36904.ko
make[1]: Leaving directory '/opt/atlas/livepatch-corpus/linux-second-pin'
make: Leaving directory '/home/boma/Project-Atlas/repos/livepatch-differential-harness/pilot/handbuild/LP-CVE-2024-36904'
PRE_CLASS=SOUND
PRE_USES_SHADOW=0
PRE_HAS_STATE_CALLBACKS=0
PRE_IS_REPLACE=0
PRE_USES_KLP_STATES=0
PRE_RUNTIME_P3_ELIGIBLE=1
PRE_CLASS=SOUND
4173 blocks
QEMU 8.2.2 monitor - type 'help' for more information
(qemu) INSMOD_RC=0
KLP_ENABLED=1
KLP_TRANSITION=0
P2_PASS=1
P3_TRANSITION_COMPLETE=1
P3_ENABLED_ZERO=0
P3_BASELINE_OBSERVED=1
P3_TIMEOUT=0
P3_CONTRACT_PASS=1
P3_PASS=1
=== DEPTH C3 mutant class (structural + QEMU) ===
make: Entering directory '/home/boma/Project-Atlas/repos/livepatch-differential-harness/pilot/handbuild/LP-CORPUS-03-seqputs'
make -C /opt/atlas/livepatch-corpus/linux-second-pin M=/home/boma/Project-Atlas/repos/livepatch-differential-harness/pilot/handbuild/LP-CORPUS-03-seqputs modules
make[1]: Entering directory '/opt/atlas/livepatch-corpus/linux-second-pin'
  CC [M]  /home/boma/Project-Atlas/repos/livepatch-differential-harness/pilot/handbuild/LP-CORPUS-03-seqputs/livepatch-corpus03.o
  MODPOST /home/boma/Project-Atlas/repos/livepatch-differential-harness/pilot/handbuild/LP-CORPUS-03-seqputs/Module.symvers
WARNING: Module.symvers is missing.
         Modules may not have dependencies or modversions.
         You may get many unresolved symbol warnings.
WARNING: modpost: "__fentry__" [/home/boma/Project-Atlas/repos/livepatch-differential-harness/pilot/handbuild/LP-CORPUS-03-seqputs/livepatch-corpus03.ko] undefined!
WARNING: modpost: "klp_enable_patch" [/home/boma/Project-Atlas/repos/livepatch-differential-harness/pilot/handbuild/LP-CORPUS-03-seqputs/livepatch-corpus03.ko] undefined!
WARNING: modpost: "seq_puts" [/home/boma/Project-Atlas/repos/livepatch-differential-harness/pilot/handbuild/LP-CORPUS-03-seqputs/livepatch-corpus03.ko] undefined!
WARNING: modpost: "seq_putc" [/home/boma/Project-Atlas/repos/livepatch-differential-harness/pilot/handbuild/LP-CORPUS-03-seqputs/livepatch-corpus03.ko] undefined!
WARNING: modpost: "__x86_return_thunk" [/home/boma/Project-Atlas/repos/livepatch-differential-harness/pilot/handbuild/LP-CORPUS-03-seqputs/livepatch-corpus03.ko] undefined!
  CC [M]  /home/boma/Project-Atlas/repos/livepatch-differential-harness/pilot/handbuild/LP-CORPUS-03-seqputs/livepatch-corpus03.mod.o
  LD [M]  /home/boma/Project-Atlas/repos/livepatch-differential-harness/pilot/handbuild/LP-CORPUS-03-seqputs/livepatch-corpus03.ko
make[1]: Leaving directory '/opt/atlas/livepatch-corpus/linux-second-pin'
make: Leaving directory '/home/boma/Project-Atlas/repos/livepatch-differential-harness/pilot/handbuild/LP-CORPUS-03-seqputs'
redirected 1 PLT32 site(s) seq_puts -> seq_putc (idx 44)
# DEPTH C3 on v6.1.119
## Structural binding oracle
# structural PLT32 redirect check
good=/home/boma/Project-Atlas/repos/livepatch-differential-harness/pilot/handbuild/LP-CORPUS-03-seqputs/livepatch-corpus03.ko
pert=/home/boma/Project-Atlas/repos/livepatch-differential-harness/pilot/handbuild/LP-CORPUS-03-seqputs/livepatch-corpus03.seqputs-to-putc.ko
redirect=seq_puts->seq_putc
sites=0x11
offset=0x11 good=seq_puts pert=seq_putc
STRUCTURAL_BIND_PASS=1
note: runtime observables (including coincidental glyphs) are illustrative only; this check is the C3 ground-truth oracle.
=== GOOD (semantic P2 must PASS) ===
4169 blocks
QEMU 8.2.2 monitor - type 'help' for more information
(qemu) INSMOD_RC=0
P2_PASS=1
=== PERTURB (INSMOD=0 + semantic P2 must FAIL) ===
4169 blocks
QEMU 8.2.2 monitor - type 'help' for more information
(qemu) INSMOD_RC=0
P2_PASS=0
HOST=boma-test
PIN_TAG=v6.1.119
PIN_COMMIT=e4d90d63d385228b1e0bcf31cc15539bbbc28f7f
BZIMAGE_SHA256=2fa03847cde6397f84e06f72a213997ea8e80aee04818dbf797af309429afd43
DEPTH_INCLUDE=CVE-2023-52577,CVE-2024-36904
DEPTH_MUTANT=C3-seqputs-to-putc
SECOND_PIN_DEPTH_SECOND_PIN_DEPTH_DONE=2026-09-03T21:03:05Z
SECOND_PIN_DEPTH_DONE=1
