c[?7l[2J[0mSeaBIOS (version 1.16.3-debian-1.16.3-2)


iPXE (https://ipxe.org) 00:03.0 CA00 PCI2.10 PnP PMM+1EFCAE00+1EF0AE00 CA00
Press Ctrl-B to configure iPXE (PCI 00:03.0)...                                                                               


Booting from ROM...
c[?7l[2J[    0.000000] Linux version 6.1.119 (boma@boma-test) (gcc (Ubuntu 13.3.0-6ubuntu2~24.04.1) 13.3.0, GNU ld (GNU Binutils for Ubuntu) 2.42) #1 SMP PREEMPT_DYNAMIC Thu Sep  3 20:25:13 UTC 2026
[    0.000000] Command line: console=ttyS0 panic=1 nokaslr init=/init
[    0.000000] BIOS-provided physical RAM map:
[    0.000000] BIOS-e820: [mem 0x0000000000000000-0x000000000009fbff] usable
[    0.000000] BIOS-e820: [mem 0x000000000009fc00-0x000000000009ffff] reserved
[    0.000000] BIOS-e820: [mem 0x00000000000f0000-0x00000000000fffff] reserved
[    0.000000] BIOS-e820: [mem 0x0000000000100000-0x000000001ffdffff] usable
[    0.000000] BIOS-e820: [mem 0x000000001ffe0000-0x000000001fffffff] reserved
[    0.000000] BIOS-e820: [mem 0x00000000fffc0000-0x00000000ffffffff] reserved
[    0.000000] BIOS-e820: [mem 0x000000fd00000000-0x000000ffffffffff] reserved
[    0.000000] NX (Execute Disable) protection: active
[    0.000000] SMBIOS 3.0.0 present.
[    0.000000] DMI: QEMU Ubuntu 24.04 PC v2 (i440FX + PIIX, arch_caps fix, 1996), BIOS 1.16.3-debian-1.16.3-2 04/01/2014
[    0.000000] tsc: Fast TSC calibration using PIT
[    0.000000] tsc: Detected 2394.327 MHz processor
[    0.020601] last_pfn = 0x1ffe0 max_arch_pfn = 0x400000000
[    0.021793] x86/PAT: Configuration [0-7]: WB  WC  UC- UC  WB  WP  UC- WT  
[    0.047183] found SMP MP-table at [mem 0x000f5480-0x000f548f]
[    0.054830] RAMDISK: [mem 0x1fed1000-0x1ffdffff]
[    0.055616] ACPI: Early table checksum verification disabled
[    0.056168] ACPI: RSDP 0x00000000000F5290 000014 (v00 BOCHS )
[    0.057191] ACPI: RSDT 0x000000001FFE1C52 000034 (v01 BOCHS  BXPC     00000001 BXPC 00000001)
[    0.058110] ACPI: FACP 0x000000001FFE1B06 000074 (v01 BOCHS  BXPC     00000001 BXPC 00000001)
[    0.059053] ACPI: DSDT 0x000000001FFE0040 001AC6 (v01 BOCHS  BXPC     00000001 BXPC 00000001)
[    0.059179] ACPI: FACS 0x000000001FFE0000 000040
[    0.059267] ACPI: APIC 0x000000001FFE1B7A 000078 (v03 BOCHS  BXPC     00000001 BXPC 00000001)
[    0.059307] ACPI: HPET 0x000000001FFE1BF2 000038 (v01 BOCHS  BXPC     00000001 BXPC 00000001)
[    0.059358] ACPI: WAET 0x000000001FFE1C2A 000028 (v01 BOCHS  BXPC     00000001 BXPC 00000001)
[    0.059486] ACPI: Reserving FACP table memory at [mem 0x1ffe1b06-0x1ffe1b79]
[    0.059527] ACPI: Reserving DSDT table memory at [mem 0x1ffe0040-0x1ffe1b05]
[    0.059538] ACPI: Reserving FACS table memory at [mem 0x1ffe0000-0x1ffe003f]
[    0.059547] ACPI: Reserving APIC table memory at [mem 0x1ffe1b7a-0x1ffe1bf1]
[    0.059556] ACPI: Reserving HPET table memory at [mem 0x1ffe1bf2-0x1ffe1c29]
[    0.059564] ACPI: Reserving WAET table memory at [mem 0x1ffe1c2a-0x1ffe1c51]
[    0.062858] No NUMA configuration found
[    0.062897] Faking a node at [mem 0x0000000000000000-0x000000001ffdffff]
[    0.063892] NODE_DATA(0) allocated [mem 0x1fecd000-0x1fed0fff]
[    0.067100] Zone ranges:
[    0.067149]   DMA      [mem 0x0000000000001000-0x0000000000ffffff]
[    0.067271]   DMA32    [mem 0x0000000001000000-0x000000001ffdffff]
[    0.067289]   Normal   empty
[    0.067315] Movable zone start for each node
[    0.067383] Early memory node ranges
[    0.067424]   node   0: [mem 0x0000000000001000-0x000000000009efff]
[    0.067648]   node   0: [mem 0x0000000000100000-0x000000001ffdffff]
[    0.068007] Initmem setup node 0 [mem 0x0000000000001000-0x000000001ffdffff]
[    0.069864] On node 0, zone DMA: 1 pages in unavailable ranges
[    0.070258] On node 0, zone DMA: 97 pages in unavailable ranges
[    0.077306] On node 0, zone DMA32: 32 pages in unavailable ranges
[    0.078030] ACPI: PM-Timer IO Port: 0x608
[    0.078796] ACPI: LAPIC_NMI (acpi_id[0xff] dfl dfl lint[0x1])
[    0.079441] IOAPIC[0]: apic_id 0, version 32, address 0xfec00000, GSI 0-23
[    0.079650] ACPI: INT_SRC_OVR (bus 0 bus_irq 0 global_irq 2 dfl dfl)
[    0.080029] ACPI: INT_SRC_OVR (bus 0 bus_irq 5 global_irq 5 high level)
[    0.080098] ACPI: INT_SRC_OVR (bus 0 bus_irq 9 global_irq 9 high level)
[    0.080233] ACPI: INT_SRC_OVR (bus 0 bus_irq 10 global_irq 10 high level)
[    0.080247] ACPI: INT_SRC_OVR (bus 0 bus_irq 11 global_irq 11 high level)
[    0.080579] ACPI: Using ACPI (MADT) for SMP configuration information
[    0.080662] ACPI: HPET id: 0x8086a201 base: 0xfed00000
[    0.081151] smpboot: Allowing 1 CPUs, 0 hotplug CPUs
[    0.082510] PM: hibernation: Registered nosave memory: [mem 0x00000000-0x00000fff]
[    0.082578] PM: hibernation: Registered nosave memory: [mem 0x0009f000-0x0009ffff]
[    0.082611] PM: hibernation: Registered nosave memory: [mem 0x000a0000-0x000effff]
[    0.082621] PM: hibernation: Registered nosave memory: [mem 0x000f0000-0x000fffff]
[    0.082780] [mem 0x20000000-0xfffbffff] available for PCI devices
[    0.082828] Booting paravirtualized kernel on bare hardware
[    0.083294] clocksource: refined-jiffies: mask: 0xffffffff max_cycles: 0xffffffff, max_idle_ns: 1910969940391419 ns
[    0.102856] setup_percpu: NR_CPUS:64 nr_cpumask_bits:1 nr_cpu_ids:1 nr_node_ids:1
[    0.111659] percpu: Embedded 53 pages/cpu s176616 r8192 d32280 u2097152
[    0.115263] Fallback order for Node 0: 0 
[    0.115702] Built 1 zonelists, mobility grouping on.  Total pages: 128736
[    0.115730] Policy zone: DMA32
[    0.115992] Kernel command line: console=ttyS0 panic=1 nokaslr init=/init
[    0.119794] Dentry cache hash table entries: 65536 (order: 7, 524288 bytes, linear)
[    0.120809] Inode-cache hash table entries: 32768 (order: 6, 262144 bytes, linear)
[    0.122852] mem auto-init: stack:all(zero), heap alloc:off, heap free:off
[    0.132845] Memory: 475628K/523768K available (16396K kernel code, 2747K rwdata, 5164K rodata, 1940K init, 2384K bss, 47884K reserved, 0K cma-reserved)
[    0.138038] SLUB: HWalign=64, Order=0-3, MinObjects=0, CPUs=1, Nodes=1
[    0.141222] ftrace: allocating 49878 entries in 195 pages
[    0.195982] ftrace: allocated 195 pages with 4 groups
[    0.209374] Dynamic Preempt: voluntary
[    0.214394] rcu: Preemptible hierarchical RCU implementation.
[    0.214417] rcu: 	RCU event tracing is enabled.
[    0.214452] rcu: 	RCU restricting CPUs from NR_CPUS=64 to nr_cpu_ids=1.
[    0.214624] 	Trampoline variant of Tasks RCU enabled.
[    0.214636] 	Rude variant of Tasks RCU enabled.
[    0.214785] rcu: RCU calculated value of scheduler-enlistment delay is 100 jiffies.
[    0.214829] rcu: Adjusting geometry for rcu_fanout_leaf=16, nr_cpu_ids=1
[    0.228236] NR_IRQS: 4352, nr_irqs: 256, preallocated irqs: 16
[    0.236406] rcu: srcu_init: Setting srcu_struct sizes based on contention.
[    0.246407] Console: colour VGA+ 80x25
[    0.273680] printk: console [ttyS0] enabled
[    0.275305] ACPI: Core revision 20220331
[    0.283439] clocksource: hpet: mask: 0xffffffff max_cycles: 0xffffffff, max_idle_ns: 19112604467 ns
[    0.291787] APIC: Switch to symmetric I/O mode setup
[    0.297672] ..TIMER: vector=0x30 apic1=0 pin1=2 apic2=-1 pin2=-1
[    0.304035] clocksource: tsc-early: mask: 0xffffffffffffffff max_cycles: 0x2283485c722, max_idle_ns: 440795291275 ns
[    0.305312] Calibrating delay loop (skipped), value calculated using timer frequency.. 4788.65 BogoMIPS (lpj=2394327)
[    0.310851] process: using AMD E400 aware idle routine
[    0.311274] Last level iTLB entries: 4KB 512, 2MB 255, 4MB 127
[    0.311533] Last level dTLB entries: 4KB 512, 2MB 255, 4MB 127, 1GB 0
[    0.312186] Spectre V1 : Mitigation: usercopy/swapgs barriers and __user pointer sanitization
[    0.313063] Spectre V2 : Mitigation: Retpolines
[    0.313282] Spectre V2 : Spectre v2 / SpectreRSB mitigation: Filling RSB on context switch
[    0.313818] Spectre V2 : Spectre v2 / SpectreRSB : Filling RSB on VMEXIT
[    0.317380] x86/fpu: x87 FPU will use FXSAVE
[    0.827667] Freeing SMP alternatives memory: 48K
[    0.829083] pid_max: default: 32768 minimum: 301
[    0.838074] LSM: Security Framework initializing
[    0.840517] SELinux:  Initializing.
[    0.850802] Mount-cache hash table entries: 1024 (order: 1, 8192 bytes, linear)
[    0.851317] Mountpoint-cache hash table entries: 1024 (order: 1, 8192 bytes, linear)
[    0.999791] smpboot: CPU0: AMD QEMU Virtual CPU version 2.5+ (family: 0xf, model: 0x6b, stepping: 0x1)
[    1.012828] cblist_init_generic: Setting adjustable number of callback queues.
[    1.013248] cblist_init_generic: Setting shift to 0 and lim to 1.
[    1.014105] cblist_init_generic: Setting adjustable number of callback queues.
[    1.014480] cblist_init_generic: Setting shift to 0 and lim to 1.
[    1.015630] Performance Events: PMU not available due to virtualization, using software events only.
[    1.017645] signal: max sigframe size: 1440
[    1.019304] rcu: Hierarchical SRCU implementation.
[    1.019585] rcu: 	Max phase no-delay instances is 400.
[    1.025983] smp: Bringing up secondary CPUs ...
[    1.026344] smp: Brought up 1 node, 1 CPU
[    1.026583] smpboot: Max logical packages: 1
[    1.026904] smpboot: Total of 1 processors activated (4788.65 BogoMIPS)
[    1.047865] devtmpfs: initialized
[    1.060434] clocksource: jiffies: mask: 0xffffffff max_cycles: 0xffffffff, max_idle_ns: 1911260446275000 ns
[    1.061323] futex hash table entries: 256 (order: 2, 16384 bytes, linear)
[    1.067691] PM: RTC time: 21:02:53, date: 2026-09-03
[    1.075518] NET: Registered PF_NETLINK/PF_ROUTE protocol family
[    1.081070] audit: initializing netlink subsys (disabled)
[    1.086397] audit: type=2000 audit(1788469372.793:1): state=initialized audit_enabled=0 res=1
[    1.090528] thermal_sys: Registered thermal governor 'step_wise'
[    1.090581] thermal_sys: Registered thermal governor 'user_space'
[    1.094385] cpuidle: using governor menu
[    1.101024] PCI: Using configuration type 1 for base access
[    1.146537] kprobes: kprobe jump-optimization is enabled. All kprobes are optimized if possible.
[    1.299481] HugeTLB: registered 2.00 MiB page size, pre-allocated 0 pages
[    1.299850] HugeTLB: 28 KiB vmemmap can be freed for a 2.00 MiB page
[    1.318330] ACPI: Added _OSI(Module Device)
[    1.318591] ACPI: Added _OSI(Processor Device)
[    1.318814] ACPI: Added _OSI(3.0 _SCP Extensions)
[    1.319003] ACPI: Added _OSI(Processor Aggregator Device)
[    1.369655] ACPI: 1 ACPI AML tables successfully acquired and loaded
[    1.420267] ACPI: Interpreter enabled
[    1.425337] ACPI: PM: (supports S0 S3 S4 S5)
[    1.425638] ACPI: Using IOAPIC for interrupt routing
[    1.426436] PCI: Using host bridge windows from ACPI; if necessary, use "pci=nocrs" and report a bug
[    1.426859] PCI: Using E820 reservations for host bridge windows
[    1.442791] ACPI: Enabled 2 GPEs in block 00 to 0F
[    1.559386] ACPI: PCI Root Bridge [PCI0] (domain 0000 [bus 00-ff])
[    1.560958] acpi PNP0A03:00: _OSC: OS supports [ASPM ClockPM Segments MSI HPX-Type3]
[    1.561583] acpi PNP0A03:00: _OSC: not requesting OS control; OS requires [ExtendedConfig ASPM ClockPM MSI]
[    1.563218] acpi PNP0A03:00: fail to add MMCONFIG information, can't access extended PCI configuration space under this bridge.
[    1.568863] PCI host bridge to bus 0000:00
[    1.569314] pci_bus 0000:00: root bus resource [io  0x0000-0x0cf7 window]
[    1.569852] pci_bus 0000:00: root bus resource [io  0x0d00-0xffff window]
[    1.570128] pci_bus 0000:00: root bus resource [mem 0x000a0000-0x000bffff window]
[    1.570526] pci_bus 0000:00: root bus resource [mem 0x20000000-0xfebfffff window]
[    1.570815] pci_bus 0000:00: root bus resource [mem 0x100000000-0x17fffffff window]
[    1.571361] pci_bus 0000:00: root bus resource [bus 00-ff]
[    1.574004] pci 0000:00:00.0: [8086:1237] type 00 class 0x060000
[    1.594108] pci 0000:00:01.0: [8086:7000] type 00 class 0x060100
[    1.595481] pci 0000:00:01.1: [8086:7010] type 00 class 0x010180
[    1.597464] pci 0000:00:01.1: reg 0x20: [io  0xc040-0xc04f]
[    1.598902] pci 0000:00:01.1: legacy IDE quirk: reg 0x10: [io  0x01f0-0x01f7]
[    1.599853] pci 0000:00:01.1: legacy IDE quirk: reg 0x14: [io  0x03f6]
[    1.600188] pci 0000:00:01.1: legacy IDE quirk: reg 0x18: [io  0x0170-0x0177]
[    1.600505] pci 0000:00:01.1: legacy IDE quirk: reg 0x1c: [io  0x0376]
[    1.620664] pci 0000:00:01.3: [8086:7113] type 00 class 0x068000
[    1.621392] pci 0000:00:01.3: quirk: [io  0x0600-0x063f] claimed by PIIX4 ACPI
[    1.621896] pci 0000:00:01.3: quirk: [io  0x0700-0x070f] claimed by PIIX4 SMB
[    1.623416] pci 0000:00:02.0: [1234:1111] type 00 class 0x030000
[    1.624827] pci 0000:00:02.0: reg 0x10: [mem 0xfd000000-0xfdffffff pref]
[    1.627427] pci 0000:00:02.0: reg 0x18: [mem 0xfebb0000-0xfebb0fff]
[    1.632823] pci 0000:00:02.0: reg 0x30: [mem 0xfeba0000-0xfebaffff pref]
[    1.633590] pci 0000:00:02.0: Video device with shadowed ROM at [mem 0x000c0000-0x000dffff]
[    1.636049] pci 0000:00:03.0: [8086:100e] type 00 class 0x020000
[    1.637827] pci 0000:00:03.0: reg 0x10: [mem 0xfeb80000-0xfeb9ffff]
[    1.638833] pci 0000:00:03.0: reg 0x14: [io  0xc000-0xc03f]
[    1.640848] pci 0000:00:03.0: reg 0x30: [mem 0xfeb00000-0xfeb7ffff pref]
[    1.671935] ACPI: PCI: Interrupt link LNKA configured for IRQ 10
[    1.686715] ACPI: PCI: Interrupt link LNKB configured for IRQ 10
[    1.687896] ACPI: PCI: Interrupt link LNKC configured for IRQ 11
[    1.688954] ACPI: PCI: Interrupt link LNKD configured for IRQ 11
[    1.689568] ACPI: PCI: Interrupt link LNKS configured for IRQ 9
[    1.695193] iommu: Default domain type: Translated 
[    1.695529] iommu: DMA domain TLB invalidation policy: lazy mode 
[    1.697660] SCSI subsystem initialized
[    1.713708] ACPI: bus type USB registered
[    1.714660] usbcore: registered new interface driver usbfs
[    1.715340] usbcore: registered new interface driver hub
[    1.716020] usbcore: registered new device driver usb
[    1.716982] pps_core: LinuxPPS API ver. 1 registered
[    1.717239] pps_core: Software ver. 5.3.6 - Copyright 2005-2007 Rodolfo Giometti <giometti@linux.it>
[    1.717857] PTP clock support registered
[    1.721012] Advanced Linux Sound Architecture Driver Initialized.
[    1.750265] NetLabel: Initializing
[    1.750495] NetLabel:  domain hash size = 128
[    1.750679] NetLabel:  protocols = UNLABELED CIPSOv4 CALIPSO
[    1.752350] NetLabel:  unlabeled traffic allowed by default
[    1.758503] PCI: Using ACPI for IRQ routing
[    1.761228] pci 0000:00:02.0: vgaarb: setting as boot VGA device
[    1.761617] pci 0000:00:02.0: vgaarb: bridge control possible
[    1.761791] pci 0000:00:02.0: vgaarb: VGA device added: decodes=io+mem,owns=io+mem,locks=none
[    1.761850] vgaarb: loaded
[    1.779498] hpet: 3 channels of 0 reserved for per-cpu timers
[    1.780212] hpet0: at MMIO 0xfed00000, IRQs 2, 8, 0
[    1.780580] hpet0: 3 comparators, 64-bit 100.000000 MHz counter
[    1.786447] clocksource: Switched to clocksource tsc-early
[    2.545380] VFS: Disk quotas dquot_6.6.0
[    2.546050] VFS: Dquot-cache hash table entries: 512 (order 0, 4096 bytes)
[    2.555699] pnp: PnP ACPI init
[    2.562541] pnp: PnP ACPI: found 6 devices
[    2.592729] clocksource: acpi_pm: mask: 0xffffff max_cycles: 0xffffff, max_idle_ns: 2085701024 ns
[    2.593997] NET: Registered PF_INET protocol family
[    2.596106] IP idents hash table entries: 8192 (order: 4, 65536 bytes, linear)
[    2.606549] tcp_listen_portaddr_hash hash table entries: 256 (order: 0, 4096 bytes, linear)
[    2.607325] Table-perturb hash table entries: 65536 (order: 6, 262144 bytes, linear)
[    2.608219] TCP established hash table entries: 4096 (order: 3, 32768 bytes, linear)
[    2.608895] TCP bind hash table entries: 4096 (order: 5, 131072 bytes, linear)
[    2.609450] TCP: Hash tables configured (established 4096 bind 4096)
[    2.611536] UDP hash table entries: 256 (order: 1, 8192 bytes, linear)
[    2.612239] UDP-Lite hash table entries: 256 (order: 1, 8192 bytes, linear)
[    2.614514] NET: Registered PF_UNIX/PF_LOCAL protocol family
[    2.618051] RPC: Registered named UNIX socket transport module.
[    2.618404] RPC: Registered udp transport module.
[    2.618623] RPC: Registered tcp transport module.
[    2.618932] RPC: Registered tcp NFSv4.1 backchannel transport module.
[    2.623039] pci_bus 0000:00: resource 4 [io  0x0000-0x0cf7 window]
[    2.623378] pci_bus 0000:00: resource 5 [io  0x0d00-0xffff window]
[    2.623644] pci_bus 0000:00: resource 6 [mem 0x000a0000-0x000bffff window]
[    2.624083] pci_bus 0000:00: resource 7 [mem 0x20000000-0xfebfffff window]
[    2.624369] pci_bus 0000:00: resource 8 [mem 0x100000000-0x17fffffff window]
[    2.625599] pci 0000:00:01.0: PIIX3: Enabling Passive Release
[    2.626128] pci 0000:00:00.0: Limiting direct PCI/PCI transfers
[    2.626611] PCI: CLS 0 bytes, default 64
[    2.634802] Unpacking initramfs...
[    2.647209] Initialise system trusted keyrings
[    2.652216] workingset: timestamp_bits=56 max_order=17 bucket_order=0
[    2.691605] NFS: Registering the id_resolver key type
[    2.692441] Key type id_resolver registered
[    2.692857] Key type id_legacy registered
[    2.694141] 9p: Installing v9fs 9p2000 file system support
[    2.771431] Key type asymmetric registered
[    2.772757] Asymmetric key parser 'x509' registered
[    2.774544] Block layer SCSI generic (bsg) driver version 0.4 loaded (major 251)
[    2.782237] io scheduler mq-deadline registered
[    2.782752] io scheduler kyber registered
[    2.792898] input: Power Button as /devices/LNXSYSTM:00/LNXPWRBN:00/input/input0
[    2.802233] ACPI: button: Power Button [PWRF]
[    2.808230] Freeing initrd memory: 1084K
[    2.812767] Serial: 8250/16550 driver, 4 ports, IRQ sharing enabled
[    2.816029] 00:04: ttyS0 at I/O 0x3f8 (irq = 4, base_baud = 115200) is a 16550A
[    2.824143] Non-volatile memory driver v1.3
[    2.824454] Linux agpgart interface v0.103
[    2.827079] ACPI: bus type drm_connector registered
[    2.856260] loop: module loaded
[    2.869965] scsi host0: ata_piix
[    2.873712] scsi host1: ata_piix
[    2.874461] ata1: PATA max MWDMA2 cmd 0x1f0 ctl 0x3f6 bmdma 0xc040 irq 14
[    2.874948] ata2: PATA max MWDMA2 cmd 0x170 ctl 0x376 bmdma 0xc048 irq 15
[    2.892157] e100: Intel(R) PRO/100 Network Driver
[    2.892516] e100: Copyright(c) 1999-2006 Intel Corporation
[    2.893095] e1000: Intel(R) PRO/1000 Network Driver
[    2.893423] e1000: Copyright (c) 1999-2006 Intel Corporation.
[    3.035462] ata2: found unknown device (class 0)
[    3.058206] ata2.00: ATAPI: QEMU DVD-ROM, 2.5+, max UDMA/100
[    3.091158] scsi 1:0:0:0: CD-ROM            QEMU     QEMU DVD-ROM     2.5+ PQ: 0 ANSI: 5
[    3.134386] sr 1:0:0:0: [sr0] scsi3-mmc drive: 4x/4x cd/rw xa/form2 tray
[    3.135189] cdrom: Uniform CD-ROM driver Revision: 3.20
[    3.158954] sr 1:0:0:0: Attached scsi generic sg0 type 5
[    3.187568] ACPI: \_SB_.LNKC: Enabled at IRQ 11
[    3.493354] e1000 0000:00:03.0 eth0: (PCI:33MHz:32-bit) 52:54:00:12:34:56
[    3.494392] e1000 0000:00:03.0 eth0: Intel(R) PRO/1000 Network Connection
[    3.495755] e1000e: Intel(R) PRO/1000 Network Driver
[    3.496007] e1000e: Copyright(c) 1999 - 2015 Intel Corporation.
[    3.496426] sky2: driver version 1.30
[    3.499776] usbcore: registered new interface driver usblp
[    3.500229] usbcore: registered new interface driver usb-storage
[    3.501728] i8042: PNP: PS/2 Controller [PNP0303:KBD,PNP0f13:MOU] at 0x60,0x64 irq 1,12
[    3.506717] serio: i8042 KBD port at 0x60,0x64 irq 1
[    3.507222] serio: i8042 AUX port at 0x60,0x64 irq 12
[    3.513937] rtc_cmos 00:05: RTC can wake from S4
[    3.517448] input: AT Translated Set 2 keyboard as /devices/platform/i8042/serio0/input/input1
[    3.526478] rtc_cmos 00:05: registered as rtc0
[    3.528079] rtc_cmos 00:05: alarms up to one day, y3k, 242 bytes nvram, hpet irqs
[    3.529008] fail to initialize ptp_kvm
[    3.531451] device-mapper: ioctl: 4.47.0-ioctl (2022-07-28) initialised: dm-devel@redhat.com
[    3.533340] hid: raw HID events driver (C) Jiri Kosina
[    3.535779] usbcore: registered new interface driver usbhid
[    3.536074] usbhid: USB HID core driver
[    3.548733] Initializing XFRM netlink socket
[    3.550303] NET: Registered PF_INET6 protocol family
[    3.562265] Segment Routing with IPv6
[    3.562870] In-situ OAM (IOAM) with IPv6
[    3.564590] sit: IPv6, IPv4 and MPLS over IPv4 tunneling driver
[    3.568818] NET: Registered PF_PACKET protocol family
[    3.570526] 9pnet: Installing 9P2000 support
[    3.571283] Key type dns_resolver registered
[    3.573979] IPI shorthand broadcast: enabled
[    3.574897] sched_clock: Marking stable (3522110733, 52530399)->(3595666120, -21024988)
[    3.577763] registered taskstats version 1
[    3.578031] Loading compiled-in X.509 certificates
[    3.588136] cryptomgr_test (44) used greatest stack depth: 15672 bytes left
[    3.592198] cryptomgr_test (51) used greatest stack depth: 15648 bytes left
[    3.599098] PM:   Magic number: 10:433:44
[    3.600591] printk: console [netcon0] enabled
[    3.601020] netconsole: network logging started
[    3.606107] cfg80211: Loading compiled-in X.509 certificates for regulatory database
[    3.628088] kworker/u2:1 (66) used greatest stack depth: 14832 bytes left
[    3.641545] cfg80211: Loaded X.509 cert 'sforshee: 00b28ddf47aef9cea7'
[    3.643117] cfg80211: Loaded X.509 cert 'wens: 61c038651aabdcf94bd0ac7ff06c7248db18c600'
[    3.646012] platform regulatory.0: Direct firmware load for regulatory.db failed with error -2
[    3.646923] cfg80211: failed to load regulatory.db
[    3.648730] ALSA device list:
[    3.648965]   No soundcards found.
[    3.652445] tsc: Refined TSC clocksource calibration: 2394.360 MHz
[    3.653346] clocksource: tsc: mask: 0xffffffffffffffff max_cycles: 0x2283677a453, max_idle_ns: 440795205946 ns
[    3.654071] clocksource: Switched to clocksource tsc
[    3.749511] Freeing unused kernel image (initmem) memory: 1940K
[    3.751124] Write protecting the kernel read-only data: 24576k
[    3.755869] Freeing unused kernel image (text/rodata gap) memory: 2032K
[    3.757859] Freeing unused kernel image (rodata/data gap) memory: 980K
[    3.976097] x86/mm: Checked W+X mappings: passed, no W+X pages found.
[    3.977982] Run /init as init process
[    4.091159] mount (70) used greatest stack depth: 14240 bytes left
/init: [    4.133077] livepatch_corpus03: loading out-of-tree module taints kernel.
[    4.133743] livepatch_corpus03: tainting kernel with TAINT_LIVEPATCH
line 0: can't open '/dev/null': No such file or directory
[    4.180445] input: ImExPS/2 Generic Explorer Mouse as /devices/platform/i8042/serio1/input/input3
[    4.215952] livepatch: enabling patch 'livepatch_corpus03'
[    4.238957] livepatch: 'livepatch_corpus03': starting patching transition
[    4.243444] livepatch: 'livepatch_corpus03': patching complete
INSMOD_RC=0
P2_PASS=1
[    5.540549] ACPI: PM: Preparing to enter system sleep state S5
[    5.541899] reboot: Power down
