c[?7l[2J[0mSeaBIOS (version 1.16.3-debian-1.16.3-2)


iPXE (https://ipxe.org) 00:03.0 CA00 PCI2.10 PnP PMM+1EFCAE00+1EF0AE00 CA00
Press Ctrl-B to configure iPXE (PCI 00:03.0)...                                                                               


Booting from ROM...
c[?7l[2J[    0.000000] Linux version 6.1.119 (boma@boma-test) (gcc (Ubuntu 13.3.0-6ubuntu2~24.04.1) 13.3.0, GNU ld (GNU Binutils for Ubuntu) 2.42) #1 SMP PREEMPT_DYNAMIC Thu Sep  3 20:25:13 UTC 2026
[    0.000000] Command line: console=ttyS0 panic=1 nokaslr init=/init
[    0.000000] BIOS-provided physical RAM map:
[    0.000000] BIOS-e820: [mem 0x0000000000000000-0x000000000009fbff] usable
[    0.000000] BIOS-e820: [mem 0x000000000009fc00-0x000000000009ffff] reserved
[    0.000000] BIOS-e820: [mem 0x00000000000f0000-0x00000000000fffff] reserved
[    0.000000] BIOS-e820: [mem 0x0000000000100000-0x000000001ffdffff] usable
[    0.000000] BIOS-e820: [mem 0x000000001ffe0000-0x000000001fffffff] reserved
[    0.000000] BIOS-e820: [mem 0x00000000fffc0000-0x00000000ffffffff] reserved
[    0.000000] BIOS-e820: [mem 0x000000fd00000000-0x000000ffffffffff] reserved
[    0.000000] NX (Execute Disable) protection: active
[    0.000000] SMBIOS 3.0.0 present.
[    0.000000] DMI: QEMU Ubuntu 24.04 PC v2 (i440FX + PIIX, arch_caps fix, 1996), BIOS 1.16.3-debian-1.16.3-2 04/01/2014
[    0.000000] last_pfn = 0x1ffe0 max_arch_pfn = 0x400000000
[    0.000000] x86/PAT: Configuration [0-7]: WB  WC  UC- UC  WB  WP  UC- WT  
[    0.000000] found SMP MP-table at [mem 0x000f5480-0x000f548f]
[    0.000000] RAMDISK: [mem 0x1fed1000-0x1ffdffff]
[    0.000000] ACPI: Early table checksum verification disabled
[    0.000000] ACPI: RSDP 0x00000000000F5290 000014 (v00 BOCHS )
[    0.000000] ACPI: RSDT 0x000000001FFE1C52 000034 (v01 BOCHS  BXPC     00000001 BXPC 00000001)
[    0.000000] ACPI: FACP 0x000000001FFE1B06 000074 (v01 BOCHS  BXPC     00000001 BXPC 00000001)
[    0.000000] ACPI: DSDT 0x000000001FFE0040 001AC6 (v01 BOCHS  BXPC     00000001 BXPC 00000001)
[    0.000000] ACPI: FACS 0x000000001FFE0000 000040
[    0.000000] ACPI: APIC 0x000000001FFE1B7A 000078 (v03 BOCHS  BXPC     00000001 BXPC 00000001)
[    0.000000] ACPI: HPET 0x000000001FFE1BF2 000038 (v01 BOCHS  BXPC     00000001 BXPC 00000001)
[    0.000000] ACPI: WAET 0x000000001FFE1C2A 000028 (v01 BOCHS  BXPC     00000001 BXPC 00000001)
[    0.000000] ACPI: Reserving FACP table memory at [mem 0x1ffe1b06-0x1ffe1b79]
[    0.000000] ACPI: Reserving DSDT table memory at [mem 0x1ffe0040-0x1ffe1b05]
[    0.000000] ACPI: Reserving FACS table memory at [mem 0x1ffe0000-0x1ffe003f]
[    0.000000] ACPI: Reserving APIC table memory at [mem 0x1ffe1b7a-0x1ffe1bf1]
[    0.000000] ACPI: Reserving HPET table memory at [mem 0x1ffe1bf2-0x1ffe1c29]
[    0.000000] ACPI: Reserving WAET table memory at [mem 0x1ffe1c2a-0x1ffe1c51]
[    0.000000] No NUMA configuration found
[    0.000000] Faking a node at [mem 0x0000000000000000-0x000000001ffdffff]
[    0.000000] NODE_DATA(0) allocated [mem 0x1fecd000-0x1fed0fff]
[    0.000000] Zone ranges:
[    0.000000]   DMA      [mem 0x0000000000001000-0x0000000000ffffff]
[    0.000000]   DMA32    [mem 0x0000000001000000-0x000000001ffdffff]
[    0.000000]   Normal   empty
[    0.000000] Movable zone start for each node
[    0.000000] Early memory node ranges
[    0.000000]   node   0: [mem 0x0000000000001000-0x000000000009efff]
[    0.000000]   node   0: [mem 0x0000000000100000-0x000000001ffdffff]
[    0.000000] Initmem setup node 0 [mem 0x0000000000001000-0x000000001ffdffff]
[    0.000000] On node 0, zone DMA: 1 pages in unavailable ranges
[    0.000000] On node 0, zone DMA: 97 pages in unavailable ranges
[    0.000000] On node 0, zone DMA32: 32 pages in unavailable ranges
[    0.000000] ACPI: PM-Timer IO Port: 0x608
[    0.000000] ACPI: LAPIC_NMI (acpi_id[0xff] dfl dfl lint[0x1])
[    0.000000] IOAPIC[0]: apic_id 0, version 32, address 0xfec00000, GSI 0-23
[    0.000000] ACPI: INT_SRC_OVR (bus 0 bus_irq 0 global_irq 2 dfl dfl)
[    0.000000] ACPI: INT_SRC_OVR (bus 0 bus_irq 5 global_irq 5 high level)
[    0.000000] ACPI: INT_SRC_OVR (bus 0 bus_irq 9 global_irq 9 high level)
[    0.000000] ACPI: INT_SRC_OVR (bus 0 bus_irq 10 global_irq 10 high level)
[    0.000000] ACPI: INT_SRC_OVR (bus 0 bus_irq 11 global_irq 11 high level)
[    0.000000] ACPI: Using ACPI (MADT) for SMP configuration information
[    0.000000] ACPI: HPET id: 0x8086a201 base: 0xfed00000
[    0.000000] smpboot: Allowing 1 CPUs, 0 hotplug CPUs
[    0.000000] PM: hibernation: Registered nosave memory: [mem 0x00000000-0x00000fff]
[    0.000000] PM: hibernation: Registered nosave memory: [mem 0x0009f000-0x0009ffff]
[    0.000000] PM: hibernation: Registered nosave memory: [mem 0x000a0000-0x000effff]
[    0.000000] PM: hibernation: Registered nosave memory: [mem 0x000f0000-0x000fffff]
[    0.000000] [mem 0x20000000-0xfffbffff] available for PCI devices
[    0.000000] Booting paravirtualized kernel on bare hardware
[    0.000000] clocksource: refined-jiffies: mask: 0xffffffff max_cycles: 0xffffffff, max_idle_ns: 1910969940391419 ns
[    0.000000] setup_percpu: NR_CPUS:64 nr_cpumask_bits:1 nr_cpu_ids:1 nr_node_ids:1
[    0.000000] percpu: Embedded 53 pages/cpu s176616 r8192 d32280 u2097152
[    0.000000] Fallback order for Node 0: 0 
[    0.000000] Built 1 zonelists, mobility grouping on.  Total pages: 128736
[    0.000000] Policy zone: DMA32
[    0.000000] Kernel command line: console=ttyS0 panic=1 nokaslr init=/init
[    0.000000] Dentry cache hash table entries: 65536 (order: 7, 524288 bytes, linear)
[    0.000000] Inode-cache hash table entries: 32768 (order: 6, 262144 bytes, linear)
[    0.000000] mem auto-init: stack:all(zero), heap alloc:off, heap free:off
[    0.000000] Memory: 475628K/523768K available (16396K kernel code, 2747K rwdata, 5164K rodata, 1940K init, 2384K bss, 47884K reserved, 0K cma-reserved)
[    0.000000] SLUB: HWalign=64, Order=0-3, MinObjects=0, CPUs=1, Nodes=1
[    0.000000] ftrace: allocating 49878 entries in 195 pages
[    0.000000] ftrace: allocated 195 pages with 4 groups
[    0.000000] Dynamic Preempt: voluntary
[    0.000000] rcu: Preemptible hierarchical RCU implementation.
[    0.000000] rcu: 	RCU event tracing is enabled.
[    0.000000] rcu: 	RCU restricting CPUs from NR_CPUS=64 to nr_cpu_ids=1.
[    0.000000] 	Trampoline variant of Tasks RCU enabled.
[    0.000000] 	Rude variant of Tasks RCU enabled.
[    0.000000] rcu: RCU calculated value of scheduler-enlistment delay is 100 jiffies.
[    0.000000] rcu: Adjusting geometry for rcu_fanout_leaf=16, nr_cpu_ids=1
[    0.000000] NR_IRQS: 4352, nr_irqs: 256, preallocated irqs: 16
[    0.000000] rcu: srcu_init: Setting srcu_struct sizes based on contention.
[    0.000000] Console: colour VGA+ 80x25
[    0.000000] printk: console [ttyS0] enabled
[    0.000000] ACPI: Core revision 20220331
[    0.000000] clocksource: hpet: mask: 0xffffffff max_cycles: 0xffffffff, max_idle_ns: 19112604467 ns
[    0.003000] APIC: Switch to symmetric I/O mode setup
[    0.009000] ..TIMER: vector=0x30 apic1=0 pin1=2 apic2=-1 pin2=-1
[    0.017000] tsc: Unable to calibrate against PIT
[    0.018000] tsc: using HPET reference calibration
[    0.018000] tsc: Detected 2394.379 MHz processor
[    0.001926] clocksource: tsc-early: mask: 0xffffffffffffffff max_cycles: 0x228379cc880, max_idle_ns: 440795312927 ns
[    0.004049] Calibrating delay loop (skipped), value calculated using timer frequency.. 4788.75 BogoMIPS (lpj=2394379)
[    0.009348] process: using AMD E400 aware idle routine
[    0.009859] Last level iTLB entries: 4KB 512, 2MB 255, 4MB 127
[    0.010190] Last level dTLB entries: 4KB 512, 2MB 255, 4MB 127, 1GB 0
[    0.010939] Spectre V1 : Mitigation: usercopy/swapgs barriers and __user pointer sanitization
[    0.011598] Spectre V2 : Mitigation: Retpolines
[    0.011843] Spectre V2 : Spectre v2 / SpectreRSB mitigation: Filling RSB on context switch
[    0.012228] Spectre V2 : Spectre v2 / SpectreRSB : Filling RSB on VMEXIT
[    0.013798] x86/fpu: x87 FPU will use FXSAVE
[    0.512641] Freeing SMP alternatives memory: 48K
[    0.514098] pid_max: default: 32768 minimum: 301
[    0.520000] LSM: Security Framework initializing
[    0.522009] SELinux:  Initializing.
[    0.531135] Mount-cache hash table entries: 1024 (order: 1, 8192 bytes, linear)
[    0.531826] Mountpoint-cache hash table entries: 1024 (order: 1, 8192 bytes, linear)
[    0.679798] smpboot: CPU0: AMD QEMU Virtual CPU version 2.5+ (family: 0xf, model: 0x6b, stepping: 0x1)
[    0.690834] cblist_init_generic: Setting adjustable number of callback queues.
[    0.691187] cblist_init_generic: Setting shift to 0 and lim to 1.
[    0.692096] cblist_init_generic: Setting adjustable number of callback queues.
[    0.692415] cblist_init_generic: Setting shift to 0 and lim to 1.
[    0.693556] Performance Events: PMU not available due to virtualization, using software events only.
[    0.695390] signal: max sigframe size: 1440
[    0.697171] rcu: Hierarchical SRCU implementation.
[    0.697434] rcu: 	Max phase no-delay instances is 400.
[    0.703470] smp: Bringing up secondary CPUs ...
[    0.703945] smp: Brought up 1 node, 1 CPU
[    0.704168] smpboot: Max logical packages: 1
[    0.704422] smpboot: Total of 1 processors activated (4788.75 BogoMIPS)
[    0.724108] devtmpfs: initialized
[    0.736404] clocksource: jiffies: mask: 0xffffffff max_cycles: 0xffffffff, max_idle_ns: 1911260446275000 ns
[    0.737325] futex hash table entries: 256 (order: 2, 16384 bytes, linear)
[    0.743685] PM: RTC time: 21:03:01, date: 2026-09-03
[    0.752036] NET: Registered PF_NETLINK/PF_ROUTE protocol family
[    0.757355] audit: initializing netlink subsys (disabled)
[    0.762452] audit: type=2000 audit(1788469380.777:1): state=initialized audit_enabled=0 res=1
[    0.767114] thermal_sys: Registered thermal governor 'step_wise'
[    0.767167] thermal_sys: Registered thermal governor 'user_space'
[    0.771128] cpuidle: using governor menu
[    0.778030] PCI: Using configuration type 1 for base access
[    0.815396] kprobes: kprobe jump-optimization is enabled. All kprobes are optimized if possible.
[    0.956924] HugeTLB: registered 2.00 MiB page size, pre-allocated 0 pages
[    0.957275] HugeTLB: 28 KiB vmemmap can be freed for a 2.00 MiB page
[    0.976900] ACPI: Added _OSI(Module Device)
[    0.977145] ACPI: Added _OSI(Processor Device)
[    0.977325] ACPI: Added _OSI(3.0 _SCP Extensions)
[    0.977526] ACPI: Added _OSI(Processor Aggregator Device)
[    1.021556] ACPI: 1 ACPI AML tables successfully acquired and loaded
[    1.070956] ACPI: Interpreter enabled
[    1.075693] ACPI: PM: (supports S0 S3 S4 S5)
[    1.075912] ACPI: Using IOAPIC for interrupt routing
[    1.076985] PCI: Using host bridge windows from ACPI; if necessary, use "pci=nocrs" and report a bug
[    1.077402] PCI: Using E820 reservations for host bridge windows
[    1.093398] ACPI: Enabled 2 GPEs in block 00 to 0F
[    1.197680] ACPI: PCI Root Bridge [PCI0] (domain 0000 [bus 00-ff])
[    1.199243] acpi PNP0A03:00: _OSC: OS supports [ASPM ClockPM Segments MSI HPX-Type3]
[    1.199936] acpi PNP0A03:00: _OSC: not requesting OS control; OS requires [ExtendedConfig ASPM ClockPM MSI]
[    1.201848] acpi PNP0A03:00: fail to add MMCONFIG information, can't access extended PCI configuration space under this bridge.
[    1.208136] PCI host bridge to bus 0000:00
[    1.208609] pci_bus 0000:00: root bus resource [io  0x0000-0x0cf7 window]
[    1.222945] pci_bus 0000:00: root bus resource [io  0x0d00-0xffff window]
[    1.223274] pci_bus 0000:00: root bus resource [mem 0x000a0000-0x000bffff window]
[    1.223715] pci_bus 0000:00: root bus resource [mem 0x20000000-0xfebfffff window]
[    1.223820] pci_bus 0000:00: root bus resource [mem 0x100000000-0x17fffffff window]
[    1.224367] pci_bus 0000:00: root bus resource [bus 00-ff]
[    1.227331] pci 0000:00:00.0: [8086:1237] type 00 class 0x060000
[    1.233961] pci 0000:00:01.0: [8086:7000] type 00 class 0x060100
[    1.235202] pci 0000:00:01.1: [8086:7010] type 00 class 0x010180
[    1.239090] pci 0000:00:01.1: reg 0x20: [io  0xc040-0xc04f]
[    1.240883] pci 0000:00:01.1: legacy IDE quirk: reg 0x10: [io  0x01f0-0x01f7]
[    1.241274] pci 0000:00:01.1: legacy IDE quirk: reg 0x14: [io  0x03f6]
[    1.241881] pci 0000:00:01.1: legacy IDE quirk: reg 0x18: [io  0x0170-0x0177]
[    1.242191] pci 0000:00:01.1: legacy IDE quirk: reg 0x1c: [io  0x0376]
[    1.254699] pci 0000:00:01.3: [8086:7113] type 00 class 0x068000
[    1.255620] pci 0000:00:01.3: quirk: [io  0x0600-0x063f] claimed by PIIX4 ACPI
[    1.255878] pci 0000:00:01.3: quirk: [io  0x0700-0x070f] claimed by PIIX4 SMB
[    1.257267] pci 0000:00:02.0: [1234:1111] type 00 class 0x030000
[    1.257798] pci 0000:00:02.0: reg 0x10: [mem 0xfd000000-0xfdffffff pref]
[    1.260170] pci 0000:00:02.0: reg 0x18: [mem 0xfebb0000-0xfebb0fff]
[    1.264832] pci 0000:00:02.0: reg 0x30: [mem 0xfeba0000-0xfebaffff pref]
[    1.283152] pci 0000:00:02.0: Video device with shadowed ROM at [mem 0x000c0000-0x000dffff]
[    1.284818] pci 0000:00:03.0: [8086:100e] type 00 class 0x020000
[    1.285798] pci 0000:00:03.0: reg 0x10: [mem 0xfeb80000-0xfeb9ffff]
[    1.287829] pci 0000:00:03.0: reg 0x14: [io  0xc000-0xc03f]
[    1.293389] pci 0000:00:03.0: reg 0x30: [mem 0xfeb00000-0xfeb7ffff pref]
[    1.335941] ACPI: PCI: Interrupt link LNKA configured for IRQ 10
[    1.337225] ACPI: PCI: Interrupt link LNKB configured for IRQ 10
[    1.338240] ACPI: PCI: Interrupt link LNKC configured for IRQ 11
[    1.339238] ACPI: PCI: Interrupt link LNKD configured for IRQ 11
[    1.339969] ACPI: PCI: Interrupt link LNKS configured for IRQ 9
[    1.345271] iommu: Default domain type: Translated 
[    1.345562] iommu: DMA domain TLB invalidation policy: lazy mode 
[    1.364239] SCSI subsystem initialized
[    1.366944] ACPI: bus type USB registered
[    1.367739] usbcore: registered new interface driver usbfs
[    1.368564] usbcore: registered new interface driver hub
[    1.369027] usbcore: registered new device driver usb
[    1.369976] pps_core: LinuxPPS API ver. 1 registered
[    1.370213] pps_core: Software ver. 5.3.6 - Copyright 2005-2007 Rodolfo Giometti <giometti@linux.it>
[    1.370680] PTP clock support registered
[    1.374224] Advanced Linux Sound Architecture Driver Initialized.
[    1.403214] NetLabel: Initializing
[    1.403409] NetLabel:  domain hash size = 128
[    1.403653] NetLabel:  protocols = UNLABELED CIPSOv4 CALIPSO
[    1.405426] NetLabel:  unlabeled traffic allowed by default
[    1.411630] PCI: Using ACPI for IRQ routing
[    1.414242] pci 0000:00:02.0: vgaarb: setting as boot VGA device
[    1.414617] pci 0000:00:02.0: vgaarb: bridge control possible
[    1.414798] pci 0000:00:02.0: vgaarb: VGA device added: decodes=io+mem,owns=io+mem,locks=none
[    1.414843] vgaarb: loaded
[    1.429882] hpet: 3 channels of 0 reserved for per-cpu timers
[    1.430544] hpet0: at MMIO 0xfed00000, IRQs 2, 8, 0
[    1.430849] hpet0: 3 comparators, 64-bit 100.000000 MHz counter
[    1.439502] clocksource: Switched to clocksource tsc-early
[    2.100360] VFS: Disk quotas dquot_6.6.0
[    2.100705] VFS: Dquot-cache hash table entries: 512 (order 0, 4096 bytes)
[    2.106389] pnp: PnP ACPI init
[    2.112286] pnp: PnP ACPI: found 6 devices
[    2.131253] clocksource: acpi_pm: mask: 0xffffff max_cycles: 0xffffff, max_idle_ns: 2085701024 ns
[    2.132109] NET: Registered PF_INET protocol family
[    2.133988] IP idents hash table entries: 8192 (order: 4, 65536 bytes, linear)
[    2.140934] tcp_listen_portaddr_hash hash table entries: 256 (order: 0, 4096 bytes, linear)
[    2.141444] Table-perturb hash table entries: 65536 (order: 6, 262144 bytes, linear)
[    2.141767] TCP established hash table entries: 4096 (order: 3, 32768 bytes, linear)
[    2.142313] TCP bind hash table entries: 4096 (order: 5, 131072 bytes, linear)
[    2.142742] TCP: Hash tables configured (established 4096 bind 4096)
[    2.144349] UDP hash table entries: 256 (order: 1, 8192 bytes, linear)
[    2.144780] UDP-Lite hash table entries: 256 (order: 1, 8192 bytes, linear)
[    2.146564] NET: Registered PF_UNIX/PF_LOCAL protocol family
[    2.148905] RPC: Registered named UNIX socket transport module.
[    2.149186] RPC: Registered udp transport module.
[    2.149366] RPC: Registered tcp transport module.
[    2.149518] RPC: Registered tcp NFSv4.1 backchannel transport module.
[    2.152366] pci_bus 0000:00: resource 4 [io  0x0000-0x0cf7 window]
[    2.152599] pci_bus 0000:00: resource 5 [io  0x0d00-0xffff window]
[    2.152794] pci_bus 0000:00: resource 6 [mem 0x000a0000-0x000bffff window]
[    2.153079] pci_bus 0000:00: resource 7 [mem 0x20000000-0xfebfffff window]
[    2.153375] pci_bus 0000:00: resource 8 [mem 0x100000000-0x17fffffff window]
[    2.154093] pci 0000:00:01.0: PIIX3: Enabling Passive Release
[    2.154378] pci 0000:00:00.0: Limiting direct PCI/PCI transfers
[    2.154690] PCI: CLS 0 bytes, default 64
[    2.160644] Unpacking initramfs...
[    2.168525] Initialise system trusted keyrings
[    2.172303] workingset: timestamp_bits=56 max_order=17 bucket_order=0
[    2.202253] NFS: Registering the id_resolver key type
[    2.202735] Key type id_resolver registered
[    2.202983] Key type id_legacy registered
[    2.203804] 9p: Installing v9fs 9p2000 file system support
[    2.261033] Key type asymmetric registered
[    2.261298] Asymmetric key parser 'x509' registered
[    2.261717] Block layer SCSI generic (bsg) driver version 0.4 loaded (major 251)
[    2.262442] io scheduler mq-deadline registered
[    2.262650] io scheduler kyber registered
[    2.270580] input: Power Button as /devices/LNXSYSTM:00/LNXPWRBN:00/input/input0
[    2.277044] ACPI: button: Power Button [PWRF]
[    2.279506] Freeing initrd memory: 1084K
[    2.283338] Serial: 8250/16550 driver, 4 ports, IRQ sharing enabled
[    2.286546] 00:04: ttyS0 at I/O 0x3f8 (irq = 4, base_baud = 115200) is a 16550A
[    2.292581] Non-volatile memory driver v1.3
[    2.292793] Linux agpgart interface v0.103
[    2.294757] ACPI: bus type drm_connector registered
[    2.314769] loop: module loaded
[    2.324292] scsi host0: ata_piix
[    2.326778] scsi host1: ata_piix
[    2.327399] ata1: PATA max MWDMA2 cmd 0x1f0 ctl 0x3f6 bmdma 0xc040 irq 14
[    2.327659] ata2: PATA max MWDMA2 cmd 0x170 ctl 0x376 bmdma 0xc048 irq 15
[    2.334516] e100: Intel(R) PRO/100 Network Driver
[    2.334700] e100: Copyright(c) 1999-2006 Intel Corporation
[    2.335060] e1000: Intel(R) PRO/1000 Network Driver
[    2.335254] e1000: Copyright (c) 1999-2006 Intel Corporation.
[    2.486533] ata2: found unknown device (class 0)
[    2.496181] ata2.00: ATAPI: QEMU DVD-ROM, 2.5+, max UDMA/100
[    2.517354] scsi 1:0:0:0: CD-ROM            QEMU     QEMU DVD-ROM     2.5+ PQ: 0 ANSI: 5
[    2.532490] ACPI: \_SB_.LNKC: Enabled at IRQ 11
[    2.564321] sr 1:0:0:0: [sr0] scsi3-mmc drive: 4x/4x cd/rw xa/form2 tray
[    2.564791] cdrom: Uniform CD-ROM driver Revision: 3.20
[    2.587405] sr 1:0:0:0: Attached scsi generic sg0 type 5
[    2.836373] e1000 0000:00:03.0 eth0: (PCI:33MHz:32-bit) 52:54:00:12:34:56
[    2.837032] e1000 0000:00:03.0 eth0: Intel(R) PRO/1000 Network Connection
[    2.837781] e1000e: Intel(R) PRO/1000 Network Driver
[    2.838063] e1000e: Copyright(c) 1999 - 2015 Intel Corporation.
[    2.838414] sky2: driver version 1.30
[    2.840709] usbcore: registered new interface driver usblp
[    2.841156] usbcore: registered new interface driver usb-storage
[    2.842272] i8042: PNP: PS/2 Controller [PNP0303:KBD,PNP0f13:MOU] at 0x60,0x64 irq 1,12
[    2.846140] serio: i8042 KBD port at 0x60,0x64 irq 1
[    2.846562] serio: i8042 AUX port at 0x60,0x64 irq 12
[    2.851104] input: AT Translated Set 2 keyboard as /devices/platform/i8042/serio0/input/input1
[    2.852514] rtc_cmos 00:05: RTC can wake from S4
[    2.861266] rtc_cmos 00:05: registered as rtc0
[    2.862398] rtc_cmos 00:05: alarms up to one day, y3k, 242 bytes nvram, hpet irqs
[    2.863079] fail to initialize ptp_kvm
[    2.863946] device-mapper: ioctl: 4.47.0-ioctl (2022-07-28) initialised: dm-devel@redhat.com
[    2.864836] hid: raw HID events driver (C) Jiri Kosina
[    2.866607] usbcore: registered new interface driver usbhid
[    2.866824] usbhid: USB HID core driver
[    2.876410] Initializing XFRM netlink socket
[    2.877655] NET: Registered PF_INET6 protocol family
[    2.886195] Segment Routing with IPv6
[    2.886554] In-situ OAM (IOAM) with IPv6
[    2.887927] sit: IPv6, IPv4 and MPLS over IPv4 tunneling driver
[    2.891027] NET: Registered PF_PACKET protocol family
[    2.892406] 9pnet: Installing 9P2000 support
[    2.892912] Key type dns_resolver registered
[    2.894776] IPI shorthand broadcast: enabled
[    2.895519] sched_clock: Marking stable (2913190692, -18201695)->(2904931061, -9942064)
[    2.897348] registered taskstats version 1
[    2.897543] Loading compiled-in X.509 certificates
[    2.904785] cryptomgr_test (44) used greatest stack depth: 15624 bytes left
[    2.911408] PM:   Magic number: 10:983:94
[    2.912504] printk: console [netcon0] enabled
[    2.912714] netconsole: network logging started
[    2.916230] cfg80211: Loading compiled-in X.509 certificates for regulatory database
[    2.917058] cryptomgr_test (65) used greatest stack depth: 15536 bytes left
[    2.933708] kworker/u2:1 (66) used greatest stack depth: 14832 bytes left
[    2.943571] cfg80211: Loaded X.509 cert 'sforshee: 00b28ddf47aef9cea7'
[    2.944619] cfg80211: Loaded X.509 cert 'wens: 61c038651aabdcf94bd0ac7ff06c7248db18c600'
[    2.946815] platform regulatory.0: Direct firmware load for regulatory.db failed with error -2
[    2.947565] cfg80211: failed to load regulatory.db
[    2.949360] ALSA device list:
[    2.949539]   No soundcards found.
[    3.023770] Freeing unused kernel image (initmem) memory: 1940K
[    3.024276] Write protecting the kernel read-only data: 24576k
[    3.027619] Freeing unused kernel image (text/rodata gap) memory: 2032K
[    3.028853] Freeing unused kernel image (rodata/data gap) memory: 980K
[    3.191348] x86/mm: Checked W+X mappings: passed, no W+X pages found.
[    3.192576] Run /init as init process
[    3.215944] tsc: Refined TSC clocksource calibration: 2394.360 MHz
[    3.216510] clocksource: tsc: mask: 0xffffffffffffffff max_cycles: 0x2283677a453, max_idle_ns: 440795205946 ns
[    3.216959] clocksource: Switched to clocksource tsc
[    3.272027] mount (70) used greatest stack depth: 14240 bytes left
[    3.295853] livepatch_corpus03: loading out-of-tree module taints kernel.
[    3.296368] livepatch_corpus03: tainting kernel with TAINT_LIVEPATCH
/init: line 0: can't open '/dev/null': No such file or directory
[    3.354621] livepatch: enabling patch 'livepatch_corpus03'
[    3.373164] livepatch: 'livepatch_corpus03': starting patching transition
[    3.376149] livepatch: 'livepatch_corpus03': patching complete
INSMOD_RC=0
[    3.612803] input: ImExPS/2 Generic Explorer Mouse as /devices/platform/i8042/serio1/input/input3
P2_PASS=0
[    4.595484] ACPI: PM: Preparing to enter system sleep state S5
[    4.596379] reboot: Power down
