  HOSTCC  scripts/basic/fixdep
  HOSTCC  arch/x86/tools/relocs_32.o
  HOSTCC  arch/x86/tools/relocs_64.o
  HOSTCC  arch/x86/tools/relocs_common.o
  HOSTLD  arch/x86/tools/relocs
  HOSTCC  scripts/selinux/genheaders/genheaders
  HOSTCC  scripts/selinux/mdp/mdp
  HOSTCC  scripts/kallsyms
  HOSTCC  scripts/sorttable
  HOSTCC  scripts/asn1_compiler
  HOSTCC  scripts/extract-cert
scripts/extract-cert.c: In function ‘display_openssl_errors’:
scripts/extract-cert.c:46:9: warning: ‘ERR_get_error_line’ is deprecated: Since OpenSSL 3.0 [-Wdeprecated-declarations]
   46 |         while ((e = ERR_get_error_line(&file, &line))) {
      |         ^~~~~
In file included from scripts/extract-cert.c:23:
/usr/include/openssl/err.h:426:15: note: declared here
  426 | unsigned long ERR_get_error_line(const char **file, int *line);
      |               ^~~~~~~~~~~~~~~~~~
scripts/extract-cert.c: In function ‘drain_openssl_errors’:
scripts/extract-cert.c:59:9: warning: ‘ERR_get_error_line’ is deprecated: Since OpenSSL 3.0 [-Wdeprecated-declarations]
   59 |         while (ERR_get_error_line(&file, &line)) {}
      |         ^~~~~
/usr/include/openssl/err.h:426:15: note: declared here
  426 | unsigned long ERR_get_error_line(const char **file, int *line);
      |               ^~~~~~~~~~~~~~~~~~
scripts/extract-cert.c: In function ‘main’:
scripts/extract-cert.c:124:17: warning: ‘ENGINE_load_builtin_engines’ is deprecated: Since OpenSSL 3.0 [-Wdeprecated-declarations]
  124 |                 ENGINE_load_builtin_engines();
      |                 ^~~~~~~~~~~~~~~~~~~~~~~~~~~
In file included from scripts/extract-cert.c:24:
/usr/include/openssl/engine.h:358:28: note: declared here
  358 | OSSL_DEPRECATEDIN_3_0 void ENGINE_load_builtin_engines(void);
      |                            ^~~~~~~~~~~~~~~~~~~~~~~~~~~
scripts/extract-cert.c:126:17: warning: ‘ENGINE_by_id’ is deprecated: Since OpenSSL 3.0 [-Wdeprecated-declarations]
  126 |                 e = ENGINE_by_id("pkcs11");
      |                 ^
/usr/include/openssl/engine.h:336:31: note: declared here
  336 | OSSL_DEPRECATEDIN_3_0 ENGINE *ENGINE_by_id(const char *id);
      |                               ^~~~~~~~~~~~
scripts/extract-cert.c:128:17: warning: ‘ENGINE_init’ is deprecated: Since OpenSSL 3.0 [-Wdeprecated-declarations]
  128 |                 if (ENGINE_init(e))
      |                 ^~
/usr/include/openssl/engine.h:622:27: note: declared here
  622 | OSSL_DEPRECATEDIN_3_0 int ENGINE_init(ENGINE *e);
      |                           ^~~~~~~~~~~
scripts/extract-cert.c:133:25: warning: ‘ENGINE_ctrl_cmd_string’ is deprecated: Since OpenSSL 3.0 [-Wdeprecated-declarations]
  133 |                         ERR(!ENGINE_ctrl_cmd_string(e, "PIN", key_pass, 0), "Set PKCS#11 PIN");
      |                         ^~~
/usr/include/openssl/engine.h:479:5: note: declared here
  479 | int ENGINE_ctrl_cmd_string(ENGINE *e, const char *cmd_name, const char *arg,
      |     ^~~~~~~~~~~~~~~~~~~~~~
scripts/extract-cert.c:134:17: warning: ‘ENGINE_ctrl_cmd’ is deprecated: Since OpenSSL 3.0 [-Wdeprecated-declarations]
  134 |                 ENGINE_ctrl_cmd(e, "LOAD_CERT_CTRL", 0, &parms, NULL, 1);
      |                 ^~~~~~~~~~~~~~~
/usr/include/openssl/engine.h:450:27: note: declared here
  450 | OSSL_DEPRECATEDIN_3_0 int ENGINE_ctrl_cmd(ENGINE *e, const char *cmd_name,
      |                           ^~~~~~~~~~~~~~~
  HOSTCC  scripts/mod/mk_elfconfig
  MKELF   scripts/mod/elfconfig.h
  HOSTCC  scripts/mod/modpost.o
  HOSTCC  scripts/mod/file2alias.o
  HOSTCC  scripts/mod/sumversion.o
  HOSTLD  scripts/mod/modpost
  CALL    scripts/checksyscalls.sh
  CALL    scripts/atomic/check-atomics.sh
  DESCEND objtool
gcc-12   -o /opt/atlas/livepatch-corpus/linux-dirtypipe/tools/objtool/fixdep /opt/atlas/livepatch-corpus/linux-dirtypipe/tools/objtool/fixdep-in.o
In file included from help.c:12:
In function ‘xrealloc’,
    inlined from ‘add_cmdname’ at help.c:24:2:
subcmd-util.h:56:23: warning: pointer may be used after ‘realloc’ [-Wuse-after-free]
   56 |                 ret = realloc(ptr, size);
      |                       ^~~~~~~~~~~~~~~~~~
subcmd-util.h:52:21: note: call to ‘realloc’ here
   52 |         void *ret = realloc(ptr, size);
      |                     ^~~~~~~~~~~~~~~~~~
subcmd-util.h:58:31: warning: pointer may be used after ‘realloc’ [-Wuse-after-free]
   58 |                         ret = realloc(ptr, 1);
      |                               ^~~~~~~~~~~~~~~
subcmd-util.h:52:21: note: call to ‘realloc’ here
   52 |         void *ret = realloc(ptr, size);
      |                     ^~~~~~~~~~~~~~~~~~
In file included from sigchain.c:3:
In function ‘xrealloc’,
    inlined from ‘sigchain_push.isra’ at sigchain.c:26:2:
subcmd-util.h:56:23: warning: pointer may be used after ‘realloc’ [-Wuse-after-free]
   56 |                 ret = realloc(ptr, size);
      |                       ^~~~~~~~~~~~~~~~~~
subcmd-util.h:52:21: note: call to ‘realloc’ here
   52 |         void *ret = realloc(ptr, size);
      |                     ^~~~~~~~~~~~~~~~~~
subcmd-util.h:58:31: warning: pointer may be used after ‘realloc’ [-Wuse-after-free]
   58 |                         ret = realloc(ptr, 1);
      |                               ^~~~~~~~~~~~~~~
subcmd-util.h:52:21: note: call to ‘realloc’ here
   52 |         void *ret = realloc(ptr, size);
      |                     ^~~~~~~~~~~~~~~~~~
In function ‘xrealloc’,
    inlined from ‘sigchain_push’ at sigchain.c:26:2,
    inlined from ‘sigchain_push_common’ at sigchain.c:53:2:
subcmd-util.h:56:23: warning: pointer may be used after ‘realloc’ [-Wuse-after-free]
   56 |                 ret = realloc(ptr, size);
      |                       ^~~~~~~~~~~~~~~~~~
subcmd-util.h:52:21: note: call to ‘realloc’ here
   52 |         void *ret = realloc(ptr, size);
      |                     ^~~~~~~~~~~~~~~~~~
subcmd-util.h:58:31: warning: pointer may be used after ‘realloc’ [-Wuse-after-free]
   58 |                         ret = realloc(ptr, 1);
      |                               ^~~~~~~~~~~~~~~
subcmd-util.h:52:21: note: call to ‘realloc’ here
   52 |         void *ret = realloc(ptr, size);
      |                     ^~~~~~~~~~~~~~~~~~
rm -f /opt/atlas/livepatch-corpus/linux-dirtypipe/tools/objtool/libsubcmd.a && ar rcs /opt/atlas/livepatch-corpus/linux-dirtypipe/tools/objtool/libsubcmd.a /opt/atlas/livepatch-corpus/linux-dirtypipe/tools/objtool/libsubcmd-in.o
gcc-12 /opt/atlas/livepatch-corpus/linux-dirtypipe/tools/objtool/objtool-in.o -lelf  /opt/atlas/livepatch-corpus/linux-dirtypipe/tools/objtool/libsubcmd.a   -o /opt/atlas/livepatch-corpus/linux-dirtypipe/tools/objtool/objtool
  LDS     scripts/module.lds
