c[?7l[2J[0mSeaBIOS (version 1.16.3-debian-1.16.3-2)


iPXE (https://ipxe.org) 00:03.0 CA00 PCI2.10 PnP PMM+1EFCAE00+1EF0AE00 CA00
Press Ctrl-B to configure iPXE (PCI 00:03.0)...                                                                               


Booting from ROM...
c[?7l[2J[    0.000000] Linux version 5.16.10+ (boma@boma-test) (gcc (Ubuntu 13.3.0-6ubuntu2~24.04.1) 13.3.0, GNU ld (GNU Binutils for Ubuntu) 2.42) #1 SMP PREEMPT Thu Sep 3 19:33:41 UTC 2026
[    0.000000] Command line: console=ttyS0 panic=1 nokaslr init=/init
[    0.000000] x86/fpu: x87 FPU will use FXSAVE
[    0.000000] signal: max sigframe size: 1440
[    0.000000] BIOS-provided physical RAM map:
[    0.000000] BIOS-e820: [mem 0x0000000000000000-0x000000000009fbff] usable
[    0.000000] BIOS-e820: [mem 0x000000000009fc00-0x000000000009ffff] reserved
[    0.000000] BIOS-e820: [mem 0x00000000000f0000-0x00000000000fffff] reserved
[    0.000000] BIOS-e820: [mem 0x0000000000100000-0x000000001ffdffff] usable
[    0.000000] BIOS-e820: [mem 0x000000001ffe0000-0x000000001fffffff] reserved
[    0.000000] BIOS-e820: [mem 0x00000000fffc0000-0x00000000ffffffff] reserved
[    0.000000] BIOS-e820: [mem 0x000000fd00000000-0x000000ffffffffff] reserved
[    0.000000] NX (Execute Disable) protection: active
[    0.000000] SMBIOS 3.0.0 present.
[    0.000000] DMI: QEMU Ubuntu 24.04 PC v2 (i440FX + PIIX, arch_caps fix, 1996), BIOS 1.16.3-debian-1.16.3-2 04/01/2014
[    0.000000] tsc: Fast TSC calibration using PIT
[    0.000000] tsc: Detected 2394.391 MHz processor
[    0.015471] last_pfn = 0x1ffe0 max_arch_pfn = 0x400000000
[    0.016678] x86/PAT: Configuration [0-7]: WB  WC  UC- UC  WB  WP  UC- WT  
[    0.038605] found SMP MP-table at [mem 0x000f5480-0x000f548f]
[    0.047379] RAMDISK: [mem 0x1fec1000-0x1ffdffff]
[    0.048164] ACPI: Early table checksum verification disabled
[    0.048799] ACPI: RSDP 0x00000000000F5290 000014 (v00 BOCHS )
[    0.049206] ACPI: RSDT 0x000000001FFE1C52 000034 (v01 BOCHS  BXPC     00000001 BXPC 00000001)
[    0.050222] ACPI: FACP 0x000000001FFE1B06 000074 (v01 BOCHS  BXPC     00000001 BXPC 00000001)
[    0.051064] ACPI: DSDT 0x000000001FFE0040 001AC6 (v01 BOCHS  BXPC     00000001 BXPC 00000001)
[    0.051202] ACPI: FACS 0x000000001FFE0000 000040
[    0.051294] ACPI: APIC 0x000000001FFE1B7A 000078 (v03 BOCHS  BXPC     00000001 BXPC 00000001)
[    0.051361] ACPI: HPET 0x000000001FFE1BF2 000038 (v01 BOCHS  BXPC     00000001 BXPC 00000001)
[    0.051406] ACPI: WAET 0x000000001FFE1C2A 000028 (v01 BOCHS  BXPC     00000001 BXPC 00000001)
[    0.051533] ACPI: Reserving FACP table memory at [mem 0x1ffe1b06-0x1ffe1b79]
[    0.051584] ACPI: Reserving DSDT table memory at [mem 0x1ffe0040-0x1ffe1b05]
[    0.051604] ACPI: Reserving FACS table memory at [mem 0x1ffe0000-0x1ffe003f]
[    0.051619] ACPI: Reserving APIC table memory at [mem 0x1ffe1b7a-0x1ffe1bf1]
[    0.051632] ACPI: Reserving HPET table memory at [mem 0x1ffe1bf2-0x1ffe1c29]
[    0.051645] ACPI: Reserving WAET table memory at [mem 0x1ffe1c2a-0x1ffe1c51]
[    0.054891] No NUMA configuration found
[    0.054950] Faking a node at [mem 0x0000000000000000-0x000000001ffdffff]
[    0.055930] NODE_DATA(0) allocated [mem 0x1febd000-0x1fec0fff]
[    0.059019] Zone ranges:
[    0.059099]   DMA      [mem 0x0000000000001000-0x0000000000ffffff]
[    0.059223]   DMA32    [mem 0x0000000001000000-0x000000001ffdffff]
[    0.059248]   Normal   empty
[    0.059281] Movable zone start for each node
[    0.059346] Early memory node ranges
[    0.059403]   node   0: [mem 0x0000000000001000-0x000000000009efff]
[    0.059591]   node   0: [mem 0x0000000000100000-0x000000001ffdffff]
[    0.059899] Initmem setup node 0 [mem 0x0000000000001000-0x000000001ffdffff]
[    0.061763] On node 0, zone DMA: 1 pages in unavailable ranges
[    0.062186] On node 0, zone DMA: 97 pages in unavailable ranges
[    0.069482] On node 0, zone DMA32: 32 pages in unavailable ranges
[    0.070252] ACPI: PM-Timer IO Port: 0x608
[    0.071010] ACPI: LAPIC_NMI (acpi_id[0xff] dfl dfl lint[0x1])
[    0.071661] IOAPIC[0]: apic_id 0, version 32, address 0xfec00000, GSI 0-23
[    0.071871] ACPI: INT_SRC_OVR (bus 0 bus_irq 0 global_irq 2 dfl dfl)
[    0.072276] ACPI: INT_SRC_OVR (bus 0 bus_irq 5 global_irq 5 high level)
[    0.072371] ACPI: INT_SRC_OVR (bus 0 bus_irq 9 global_irq 9 high level)
[    0.072525] ACPI: INT_SRC_OVR (bus 0 bus_irq 10 global_irq 10 high level)
[    0.072545] ACPI: INT_SRC_OVR (bus 0 bus_irq 11 global_irq 11 high level)
[    0.072810] ACPI: Using ACPI (MADT) for SMP configuration information
[    0.072893] ACPI: HPET id: 0x8086a201 base: 0xfed00000
[    0.073438] smpboot: Allowing 1 CPUs, 0 hotplug CPUs
[    0.074873] PM: hibernation: Registered nosave memory: [mem 0x00000000-0x00000fff]
[    0.074956] PM: hibernation: Registered nosave memory: [mem 0x0009f000-0x0009ffff]
[    0.075005] PM: hibernation: Registered nosave memory: [mem 0x000a0000-0x000effff]
[    0.075021] PM: hibernation: Registered nosave memory: [mem 0x000f0000-0x000fffff]
[    0.075214] [mem 0x20000000-0xfffbffff] available for PCI devices
[    0.075743] clocksource: refined-jiffies: mask: 0xffffffff max_cycles: 0xffffffff, max_idle_ns: 1910969940391419 ns
[    0.093650] setup_percpu: NR_CPUS:64 nr_cpumask_bits:64 nr_cpu_ids:1 nr_node_ids:1
[    0.102416] percpu: Embedded 52 pages/cpu s174744 r8192 d30056 u2097152
[    0.106058] Fallback order for Node 0: 0 
[    0.106468] Built 1 zonelists, mobility grouping on.  Total pages: 128736
[    0.106503] Policy zone: DMA32
[    0.106796] Kernel command line: console=ttyS0 panic=1 nokaslr init=/init
[    0.110256] Dentry cache hash table entries: 65536 (order: 7, 524288 bytes, linear)
[    0.111222] Inode-cache hash table entries: 32768 (order: 6, 262144 bytes, linear)
[    0.113374] mem auto-init: stack:all(zero), heap alloc:off, heap free:off
[    0.122331] Memory: 477616K/523768K available (16398K kernel code, 2600K rwdata, 4900K rodata, 1632K init, 1072K bss, 45896K reserved, 0K cma-reserved)
[    0.128077] SLUB: HWalign=64, Order=0-3, MinObjects=0, CPUs=1, Nodes=1
[    0.129675] ftrace: allocating 47303 entries in 185 pages
[    0.244458] ftrace: allocated 185 pages with 5 groups
[    0.256938] Dynamic Preempt: voluntary
[    0.261620] rcu: Preemptible hierarchical RCU implementation.
[    0.261660] rcu: 	RCU event tracing is enabled.
[    0.261703] rcu: 	RCU restricting CPUs from NR_CPUS=64 to nr_cpu_ids=1.
[    0.261864] 	Trampoline variant of Tasks RCU enabled.
[    0.261877] 	Rude variant of Tasks RCU enabled.
[    0.262000] rcu: RCU calculated value of scheduler-enlistment delay is 100 jiffies.
[    0.262066] rcu: Adjusting geometry for rcu_fanout_leaf=16, nr_cpu_ids=1
[    0.272378] NR_IRQS: 4352, nr_irqs: 256, preallocated irqs: 16
[    0.285799] random: get_random_bytes called from start_kernel+0x4af/0x67a with crng_init=0
[    0.294234] Console: colour VGA+ 80x25
[    0.327820] printk: console [ttyS0] enabled
[    0.329665] ACPI: Core revision 20210930
[    0.337978] clocksource: hpet: mask: 0xffffffff max_cycles: 0xffffffff, max_idle_ns: 19112604467 ns
[    0.345494] APIC: Switch to symmetric I/O mode setup
[    0.352939] ..TIMER: vector=0x30 apic1=0 pin1=2 apic2=-1 pin2=-1
[    0.359748] clocksource: tsc-early: mask: 0xffffffffffffffff max_cycles: 0x228384d99d4, max_idle_ns: 440795204673 ns
[    0.362163] Calibrating delay loop (skipped), value calculated using timer frequency.. 4788.78 BogoMIPS (lpj=2394391)
[    0.362977] pid_max: default: 32768 minimum: 301
[    0.364888] LSM: Security Framework initializing
[    0.366306] SELinux:  Initializing.
[    0.367903] Mount-cache hash table entries: 1024 (order: 1, 8192 bytes, linear)
[    0.368380] Mountpoint-cache hash table entries: 1024 (order: 1, 8192 bytes, linear)
[    0.398349] process: using AMD E400 aware idle routine
[    0.398780] Last level iTLB entries: 4KB 512, 2MB 255, 4MB 127
[    0.399137] Last level dTLB entries: 4KB 512, 2MB 255, 4MB 127, 1GB 0
[    0.399754] Spectre V1 : Mitigation: usercopy/swapgs barriers and __user pointer sanitization
[    0.400433] Spectre V2 : Mitigation: Full AMD retpoline
[    0.400700] Spectre V2 : Spectre v2 / SpectreRSB mitigation: Filling RSB on context switch
[    0.602070] random: fast init done
[    0.809999] Freeing SMP alternatives memory: 44K
[    0.929567] smpboot: CPU0: AMD QEMU Virtual CPU version 2.5+ (family: 0xf, model: 0x6b, stepping: 0x1)
[    0.941971] Performance Events: PMU not available due to virtualization, using software events only.
[    0.945254] rcu: Hierarchical SRCU implementation.
[    0.957767] smp: Bringing up secondary CPUs ...
[    0.958189] smp: Brought up 1 node, 1 CPU
[    0.958429] smpboot: Max logical packages: 1
[    0.958709] smpboot: Total of 1 processors activated (4788.78 BogoMIPS)
[    0.978898] devtmpfs: initialized
[    0.991393] clocksource: jiffies: mask: 0xffffffff max_cycles: 0xffffffff, max_idle_ns: 1911260446275000 ns
[    0.992061] futex hash table entries: 256 (order: 2, 16384 bytes, linear)
[    0.998962] PM: RTC time: 19:37:03, date: 2026-09-03
[    1.006176] NET: Registered PF_NETLINK/PF_ROUTE protocol family
[    1.010953] audit: initializing netlink subsys (disabled)
[    1.015595] audit: type=2000 audit(1788464222.667:1): state=initialized audit_enabled=0 res=1
[    1.021010] thermal_sys: Registered thermal governor 'step_wise'
[    1.021092] thermal_sys: Registered thermal governor 'user_space'
[    1.024621] cpuidle: using governor menu
[    1.030375] PCI: Using configuration type 1 for base access
[    1.069651] kprobes: kprobe jump-optimization is enabled. All kprobes are optimized if possible.
[    1.073686] HugeTLB registered 2.00 MiB page size, pre-allocated 0 pages
[    1.080416] ACPI: Added _OSI(Module Device)
[    1.080727] ACPI: Added _OSI(Processor Device)
[    1.080879] ACPI: Added _OSI(3.0 _SCP Extensions)
[    1.081067] ACPI: Added _OSI(Processor Aggregator Device)
[    1.081392] ACPI: Added _OSI(Linux-Dell-Video)
[    1.081607] ACPI: Added _OSI(Linux-Lenovo-NV-HDMI-Audio)
[    1.081875] ACPI: Added _OSI(Linux-HPI-Hybrid-Graphics)
[    1.104753] ACPI: 1 ACPI AML tables successfully acquired and loaded
[    1.130137] ACPI: Interpreter enabled
[    1.131692] ACPI: PM: (supports S0 S3 S4 S5)
[    1.131938] ACPI: Using IOAPIC for interrupt routing
[    1.132879] PCI: Using host bridge windows from ACPI; if necessary, use "pci=nocrs" and report a bug
[    1.135849] ACPI: Enabled 2 GPEs in block 00 to 0F
[    1.194513] ACPI: PCI Root Bridge [PCI0] (domain 0000 [bus 00-ff])
[    1.196141] acpi PNP0A03:00: _OSC: OS supports [ASPM ClockPM Segments MSI HPX-Type3]
[    1.196930] acpi PNP0A03:00: _OSC: not requesting OS control; OS requires [ExtendedConfig ASPM ClockPM MSI]
[    1.198414] acpi PNP0A03:00: fail to add MMCONFIG information, can't access extended PCI configuration space under this bridge.
[    1.203024] PCI host bridge to bus 0000:00
[    1.203473] pci_bus 0000:00: root bus resource [io  0x0000-0x0cf7 window]
[    1.203903] pci_bus 0000:00: root bus resource [io  0x0d00-0xffff window]
[    1.204192] pci_bus 0000:00: root bus resource [mem 0x000a0000-0x000bffff window]
[    1.204553] pci_bus 0000:00: root bus resource [mem 0x20000000-0xfebfffff window]
[    1.204872] pci_bus 0000:00: root bus resource [mem 0x100000000-0x17fffffff window]
[    1.205406] pci_bus 0000:00: root bus resource [bus 00-ff]
[    1.207957] pci 0000:00:00.0: [8086:1237] type 00 class 0x060000
[    1.214644] pci 0000:00:01.0: [8086:7000] type 00 class 0x060100
[    1.216191] pci 0000:00:01.1: [8086:7010] type 00 class 0x010180
[    1.219137] pci 0000:00:01.1: reg 0x20: [io  0xc040-0xc04f]
[    1.220965] pci 0000:00:01.1: legacy IDE quirk: reg 0x10: [io  0x01f0-0x01f7]
[    1.221361] pci 0000:00:01.1: legacy IDE quirk: reg 0x14: [io  0x03f6]
[    1.221936] pci 0000:00:01.1: legacy IDE quirk: reg 0x18: [io  0x0170-0x0177]
[    1.222241] pci 0000:00:01.1: legacy IDE quirk: reg 0x1c: [io  0x0376]
[    1.223874] pci 0000:00:01.3: [8086:7113] type 00 class 0x068000
[    1.224900] pci 0000:00:01.3: quirk: [io  0x0600-0x063f] claimed by PIIX4 ACPI
[    1.225288] pci 0000:00:01.3: quirk: [io  0x0700-0x070f] claimed by PIIX4 SMB
[    1.226448] pci 0000:00:02.0: [1234:1111] type 00 class 0x030000
[    1.227849] pci 0000:00:02.0: reg 0x10: [mem 0xfd000000-0xfdffffff pref]
[    1.229218] pci 0000:00:02.0: reg 0x18: [mem 0xfebb0000-0xfebb0fff]
[    1.231849] pci 0000:00:02.0: reg 0x30: [mem 0xfeba0000-0xfebaffff pref]
[    1.233513] pci 0000:00:02.0: Video device with shadowed ROM at [mem 0x000c0000-0x000dffff]
[    1.235227] pci 0000:00:03.0: [8086:100e] type 00 class 0x020000
[    1.235849] pci 0000:00:03.0: reg 0x10: [mem 0xfeb80000-0xfeb9ffff]
[    1.236881] pci 0000:00:03.0: reg 0x14: [io  0xc000-0xc03f]
[    1.238849] pci 0000:00:03.0: reg 0x30: [mem 0xfeb00000-0xfeb7ffff pref]
[    1.261646] ACPI: PCI: Interrupt link LNKA configured for IRQ 10
[    1.264643] ACPI: PCI: Interrupt link LNKB configured for IRQ 10
[    1.266173] ACPI: PCI: Interrupt link LNKC configured for IRQ 11
[    1.267420] ACPI: PCI: Interrupt link LNKD configured for IRQ 11
[    1.268306] ACPI: PCI: Interrupt link LNKS configured for IRQ 9
[    1.275545] iommu: Default domain type: Translated 
[    1.275913] iommu: DMA domain TLB invalidation policy: lazy mode 
[    1.281849] pci 0000:00:02.0: vgaarb: setting as boot VGA device
[    1.281849] pci 0000:00:02.0: vgaarb: VGA device added: decodes=io+mem,owns=io+mem,locks=none
[    1.282899] pci 0000:00:02.0: vgaarb: bridge control possible
[    1.283301] vgaarb: loaded
[    1.285559] SCSI subsystem initialized
[    1.288586] ACPI: bus type USB registered
[    1.289516] usbcore: registered new interface driver usbfs
[    1.290409] usbcore: registered new interface driver hub
[    1.291102] usbcore: registered new device driver usb
[    1.291973] pps_core: LinuxPPS API ver. 1 registered
[    1.292210] pps_core: Software ver. 5.3.6 - Copyright 2005-2007 Rodolfo Giometti <giometti@linux.it>
[    1.292668] PTP clock support registered
[    1.297036] Advanced Linux Sound Architecture Driver Initialized.
[    1.310660] NetLabel: Initializing
[    1.310888] NetLabel:  domain hash size = 128
[    1.311078] NetLabel:  protocols = UNLABELED CIPSOv4 CALIPSO
[    1.312968] NetLabel:  unlabeled traffic allowed by default
[    1.314679] PCI: Using ACPI for IRQ routing
[    1.317142] hpet: 3 channels of 0 reserved for per-cpu timers
[    1.317906] hpet0: at MMIO 0xfed00000, IRQs 2, 8, 0
[    1.318240] hpet0: 3 comparators, 64-bit 100.000000 MHz counter
[    1.323724] clocksource: Switched to clocksource tsc-early
[    1.441516] VFS: Disk quotas dquot_6.6.0
[    2.242588] VFS: Dquot-cache hash table entries: 512 (order 0, 4096 bytes)
[    2.246660] pnp: PnP ACPI init
[    2.254879] pnp: PnP ACPI: found 6 devices
[    2.287761] clocksource: acpi_pm: mask: 0xffffff max_cycles: 0xffffff, max_idle_ns: 2085701024 ns
[    2.289239] NET: Registered PF_INET protocol family
[    2.291271] IP idents hash table entries: 8192 (order: 4, 65536 bytes, linear)
[    2.300865] tcp_listen_portaddr_hash hash table entries: 256 (order: 0, 4096 bytes, linear)
[    2.302167] TCP established hash table entries: 4096 (order: 3, 32768 bytes, linear)
[    2.302731] TCP bind hash table entries: 4096 (order: 4, 65536 bytes, linear)
[    2.303424] TCP: Hash tables configured (established 4096 bind 4096)
[    2.305418] UDP hash table entries: 256 (order: 1, 8192 bytes, linear)
[    2.306155] UDP-Lite hash table entries: 256 (order: 1, 8192 bytes, linear)
[    2.308463] NET: Registered PF_UNIX/PF_LOCAL protocol family
[    2.313462] RPC: Registered named UNIX socket transport module.
[    2.314067] RPC: Registered udp transport module.
[    2.314392] RPC: Registered tcp transport module.
[    2.314648] RPC: Registered tcp NFSv4.1 backchannel transport module.
[    2.321331] pci_bus 0000:00: resource 4 [io  0x0000-0x0cf7 window]
[    2.321779] pci_bus 0000:00: resource 5 [io  0x0d00-0xffff window]
[    2.322319] pci_bus 0000:00: resource 6 [mem 0x000a0000-0x000bffff window]
[    2.322802] pci_bus 0000:00: resource 7 [mem 0x20000000-0xfebfffff window]
[    2.323457] pci_bus 0000:00: resource 8 [mem 0x100000000-0x17fffffff window]
[    2.326043] pci 0000:00:01.0: PIIX3: Enabling Passive Release
[    2.326593] pci 0000:00:00.0: Limiting direct PCI/PCI transfers
[    2.327252] pci 0000:00:01.0: Activating ISA DMA hang workarounds
[    2.327970] PCI: CLS 0 bytes, default 64
[    2.347334] Unpacking initramfs...
[    2.356834] Initialise system trusted keyrings
[    2.363644] workingset: timestamp_bits=56 max_order=17 bucket_order=0
[    2.409687] NFS: Registering the id_resolver key type
[    2.410539] Key type id_resolver registered
[    2.410784] Key type id_legacy registered
[    2.496531] Key type asymmetric registered
[    2.497030] Asymmetric key parser 'x509' registered
[    2.498051] Block layer SCSI generic (bsg) driver version 0.4 loaded (major 251)
[    2.498628] io scheduler mq-deadline registered
[    2.499037] io scheduler kyber registered
[    2.511025] input: Power Button as /devices/LNXSYSTM:00/LNXPWRBN:00/input/input0
[    2.522312] ACPI: button: Power Button [PWRF]
[    2.534754] Freeing initrd memory: 1148K
[    2.538302] Serial: 8250/16550 driver, 4 ports, IRQ sharing enabled
[    2.542456] 00:04: ttyS0 at I/O 0x3f8 (irq = 4, base_baud = 115200) is a 16550A
[    2.551095] Non-volatile memory driver v1.3
[    2.551828] Linux agpgart interface v0.103
[    2.554868] ACPI: bus type drm_connector registered
[    2.584412] loop: module loaded
[    2.601165] scsi host0: ata_piix
[    2.605433] scsi host1: ata_piix
[    2.606727] ata1: PATA max MWDMA2 cmd 0x1f0 ctl 0x3f6 bmdma 0xc040 irq 14
[    2.607330] ata2: PATA max MWDMA2 cmd 0x170 ctl 0x376 bmdma 0xc048 irq 15
[    2.618801] e100: Intel(R) PRO/100 Network Driver
[    2.619307] e100: Copyright(c) 1999-2006 Intel Corporation
[    2.619796] e1000: Intel(R) PRO/1000 Network Driver
[    2.620218] e1000: Copyright (c) 1999-2006 Intel Corporation.
[    2.782102] ata2.00: ATAPI: QEMU DVD-ROM, 2.5+, max UDMA/100
[    2.809531] scsi 1:0:0:0: CD-ROM            QEMU     QEMU DVD-ROM     2.5+ PQ: 0 ANSI: 5
[    2.841190] sr 1:0:0:0: [sr0] scsi3-mmc drive: 4x/4x cd/rw xa/form2 tray
[    2.841888] cdrom: Uniform CD-ROM driver Revision: 3.20
[    2.875597] sr 1:0:0:0: Attached scsi generic sg0 type 5
[    3.007430] ACPI: \_SB_.LNKC: Enabled at IRQ 11
[    3.330386] e1000 0000:00:03.0 eth0: (PCI:33MHz:32-bit) 52:54:00:12:34:56
[    3.331587] e1000 0000:00:03.0 eth0: Intel(R) PRO/1000 Network Connection
[    3.332847] e1000e: Intel(R) PRO/1000 Network Driver
[    3.333299] e1000e: Copyright(c) 1999 - 2015 Intel Corporation.
[    3.333796] sky2: driver version 1.30
[    3.336389] ehci_hcd: USB 2.0 'Enhanced' Host Controller (EHCI) Driver
[    3.336795] ehci-pci: EHCI PCI platform driver
[    3.337457] ohci_hcd: USB 1.1 'Open' Host Controller (OHCI) Driver
[    3.337856] ohci-pci: OHCI PCI platform driver
[    3.338489] uhci_hcd: USB Universal Host Controller Interface driver
[    3.339618] usbcore: registered new interface driver usblp
[    3.340248] usbcore: registered new interface driver usb-storage
[    3.341755] i8042: PNP: PS/2 Controller [PNP0303:KBD,PNP0f13:MOU] at 0x60,0x64 irq 1,12
[    3.346905] serio: i8042 KBD port at 0x60,0x64 irq 1
[    3.347664] serio: i8042 AUX port at 0x60,0x64 irq 12
[    3.355230] rtc_cmos 00:05: RTC can wake from S4
[    3.359255] input: AT Translated Set 2 keyboard as /devices/platform/i8042/serio0/input/input1
[    3.370154] rtc_cmos 00:05: registered as rtc0
[    3.371394] rtc_cmos 00:05: alarms up to one day, y3k, 242 bytes nvram, hpet irqs
[    3.375374] device-mapper: ioctl: 4.45.0-ioctl (2021-03-22) initialised: dm-devel@redhat.com
[    3.377334] hid: raw HID events driver (C) Jiri Kosina
[    3.379865] usbcore: registered new interface driver usbhid
[    3.380294] usbhid: USB HID core driver
[    3.386349] tsc: Refined TSC clocksource calibration: 2394.380 MHz
[    3.386824] clocksource: tsc: mask: 0xffffffffffffffff max_cycles: 0x22837a616e0, max_idle_ns: 440795284909 ns
[    3.387607] clocksource: Switched to clocksource tsc
[    3.395371] Initializing XFRM netlink socket
[    3.397113] NET: Registered PF_INET6 protocol family
[    3.409457] Segment Routing with IPv6
[    3.409892] In-situ OAM (IOAM) with IPv6
[    3.412253] sit: IPv6, IPv4 and MPLS over IPv4 tunneling driver
[    3.417475] NET: Registered PF_PACKET protocol family
[    3.418799] Key type dns_resolver registered
[    3.421767] IPI shorthand broadcast: enabled
[    3.422625] sched_clock: Marking stable (3358041407, 64138229)->(3431508622, -9328986)
[    3.425350] registered taskstats version 1
[    3.425597] Loading compiled-in X.509 certificates
[    3.436636] cryptomgr_test (43) used greatest stack depth: 15608 bytes left
[    3.452876] PM:   Magic number: 10:839:646
[    3.453513] scsi_host host0: hash matches
[    3.453711] scsi host0: hash matches
[    3.454613] printk: console [netcon0] enabled
[    3.454897] netconsole: network logging started
[    3.459807] cfg80211: Loading compiled-in X.509 certificates for regulatory database
[    3.479240] kworker/u2:0 (65) used greatest stack depth: 14768 bytes left
[    3.494303] cfg80211: Loaded X.509 cert 'sforshee: 00b28ddf47aef9cea7'
[    3.497485] platform regulatory.0: Direct firmware load for regulatory.db failed with error -2
[    3.498471] cfg80211: failed to load regulatory.db
[    3.500476] ALSA device list:
[    3.500734]   No soundcards found.
[    3.624375] Freeing unused kernel image (initmem) memory: 1632K
[    3.628742] Write protecting the kernel read-only data: 24576k
[    3.636476] Freeing unused kernel image (text/rodata gap) memory: 2032K
[    3.638833] Freeing unused kernel image (rodata/data gap) memory: 1244K
[    3.639859] Run /init as init process
[    3.787059] livepatch_dirtypipe: loading out-of-tree module taints kernel.
[    3.787645] livepatch_dirtypipe: tainting kernel with TAINT_LIVEPATCH
[    3.873897] livepatch: enabling patch 'livepatch_dirtypipe'
[    3.894357] livepatch: 'livepatch_dirtypipe': starting patching transition
[    3.898224] livepatch: 'livepatch_dirtypipe': patching complete
[    3.900585] insmod (71) used greatest stack depth: 14560 bytes left
INSMOD_RC=0
[    4.089076] input: ImExPS/2 Generic Explorer Mouse as /devices/platform/i8042/serio1/input/input3
KLP_ENABLED=1
KLP_TRANSITION=0
P2_PASS=1
[    4.985298] livepatch: 'livepatch_dirtypipe': starting unpatching transition
[    5.018220] livepatch: 'livepatch_dirtypipe': unpatching complete
PATCH_STATE_PID1=-1
P3_TRANSITION_COMPLETE=1
P3_ENABLED_ZERO=0
P3_BASELINE_OBSERVED=1
P3_TIMEOUT=0
P3_CONTRACT_PASS=1
P3_PASS=1
[    5.378460] ACPI: PM: Preparing to enter system sleep state S5
[    5.379860] reboot: Power down
