c[?7l[2J[0mSeaBIOS (version 1.16.3-debian-1.16.3-2)


iPXE (https://ipxe.org) 00:03.0 CA00 PCI2.10 PnP PMM+1EFC6D30+1EF06D30 CA00
Press Ctrl-B to configure iPXE (PCI 00:03.0)...                                                                               


Booting from ROM...
c[?7l[2J[    0.000000] Linux version 6.6.47 (test@lab) (gcc (Debian 14.2.0-19) 14.2.0, GNU ld (GNU Binutils for Debian) 2.44) #1 SMP PREEMPT_DYNAMIC Sat Aug 15 10:01:25 CAT 2026
[    0.000000] Command line: console=ttyS0 panic=1 nokaslr init=/init
[    0.000000] BIOS-provided physical RAM map:
[    0.000000] BIOS-e820: [mem 0x0000000000000000-0x000000000009fbff] usable
[    0.000000] BIOS-e820: [mem 0x000000000009fc00-0x000000000009ffff] reserved
[    0.000000] BIOS-e820: [mem 0x00000000000f0000-0x00000000000fffff] reserved
[    0.000000] BIOS-e820: [mem 0x0000000000100000-0x000000001ffdffff] usable
[    0.000000] BIOS-e820: [mem 0x000000001ffe0000-0x000000001fffffff] reserved
[    0.000000] BIOS-e820: [mem 0x00000000fffc0000-0x00000000ffffffff] reserved
[    0.000000] BIOS-e820: [mem 0x000000fd00000000-0x000000ffffffffff] reserved
[    0.000000] NX (Execute Disable) protection: active
[    0.000000] APIC: Static calls initialized
[    0.000000] SMBIOS 2.8 present.
[    0.000000] DMI: QEMU Standard PC (i440FX + PIIX, 1996), BIOS 1.16.3-debian-1.16.3-2 04/01/2014
[    0.000000] last_pfn = 0x1ffe0 max_arch_pfn = 0x400000000
[    0.000000] MTRR map: 4 entries (3 fixed + 1 variable; max 19), built from 8 variable MTRRs
[    0.000000] x86/PAT: Configuration [0-7]: WB  WC  UC- UC  WB  WP  UC- WT  
[    0.000000] found SMP MP-table at [mem 0x000f5480-0x000f548f]
[    0.000000] RAMDISK: [mem 0x1fec1000-0x1ffdffff]
[    0.000000] ACPI: Early table checksum verification disabled
[    0.000000] ACPI: RSDP 0x00000000000F52B0 000014 (v00 BOCHS )
[    0.000000] ACPI: RSDT 0x000000001FFE2335 000034 (v01 BOCHS  BXPC     00000001 BXPC 00000001)
[    0.000000] ACPI: FACP 0x000000001FFE21E9 000074 (v01 BOCHS  BXPC     00000001 BXPC 00000001)
[    0.000000] ACPI: DSDT 0x000000001FFE0040 0021A9 (v01 BOCHS  BXPC     00000001 BXPC 00000001)
[    0.000000] ACPI: FACS 0x000000001FFE0000 000040
[    0.000000] ACPI: APIC 0x000000001FFE225D 000078 (v03 BOCHS  BXPC     00000001 BXPC 00000001)
[    0.000000] ACPI: HPET 0x000000001FFE22D5 000038 (v01 BOCHS  BXPC     00000001 BXPC 00000001)
[    0.000000] ACPI: WAET 0x000000001FFE230D 000028 (v01 BOCHS  BXPC     00000001 BXPC 00000001)
[    0.000000] ACPI: Reserving FACP table memory at [mem 0x1ffe21e9-0x1ffe225c]
[    0.000000] ACPI: Reserving DSDT table memory at [mem 0x1ffe0040-0x1ffe21e8]
[    0.000000] ACPI: Reserving FACS table memory at [mem 0x1ffe0000-0x1ffe003f]
[    0.000000] ACPI: Reserving APIC table memory at [mem 0x1ffe225d-0x1ffe22d4]
[    0.000000] ACPI: Reserving HPET table memory at [mem 0x1ffe22d5-0x1ffe230c]
[    0.000000] ACPI: Reserving WAET table memory at [mem 0x1ffe230d-0x1ffe2334]
[    0.000000] No NUMA configuration found
[    0.000000] Faking a node at [mem 0x0000000000000000-0x000000001ffdffff]
[    0.000000] NODE_DATA(0) allocated [mem 0x1febd000-0x1fec0fff]
[    0.000000] Zone ranges:
[    0.000000]   DMA      [mem 0x0000000000001000-0x0000000000ffffff]
[    0.000000]   DMA32    [mem 0x0000000001000000-0x000000001ffdffff]
[    0.000000]   Normal   empty
[    0.000000] Movable zone start for each node
[    0.000000] Early memory node ranges
[    0.000000]   node   0: [mem 0x0000000000001000-0x000000000009efff]
[    0.000000]   node   0: [mem 0x0000000000100000-0x000000001ffdffff]
[    0.000000] Initmem setup node 0 [mem 0x0000000000001000-0x000000001ffdffff]
[    0.000000] On node 0, zone DMA: 1 pages in unavailable ranges
[    0.000000] On node 0, zone DMA: 97 pages in unavailable ranges
[    0.000000] On node 0, zone DMA32: 32 pages in unavailable ranges
[    0.000000] ACPI: PM-Timer IO Port: 0x608
[    0.000000] ACPI: LAPIC_NMI (acpi_id[0xff] dfl dfl lint[0x1])
[    0.000000] IOAPIC[0]: apic_id 0, version 32, address 0xfec00000, GSI 0-23
[    0.000000] ACPI: INT_SRC_OVR (bus 0 bus_irq 0 global_irq 2 dfl dfl)
[    0.000000] ACPI: INT_SRC_OVR (bus 0 bus_irq 5 global_irq 5 high level)
[    0.000000] ACPI: INT_SRC_OVR (bus 0 bus_irq 9 global_irq 9 high level)
[    0.000000] ACPI: INT_SRC_OVR (bus 0 bus_irq 10 global_irq 10 high level)
[    0.000000] ACPI: INT_SRC_OVR (bus 0 bus_irq 11 global_irq 11 high level)
[    0.000000] ACPI: Using ACPI (MADT) for SMP configuration information
[    0.000000] ACPI: HPET id: 0x8086a201 base: 0xfed00000
[    0.000000] smpboot: Allowing 1 CPUs, 0 hotplug CPUs
[    0.000000] PM: hibernation: Registered nosave memory: [mem 0x00000000-0x00000fff]
[    0.000000] PM: hibernation: Registered nosave memory: [mem 0x0009f000-0x0009ffff]
[    0.000000] PM: hibernation: Registered nosave memory: [mem 0x000a0000-0x000effff]
[    0.000000] PM: hibernation: Registered nosave memory: [mem 0x000f0000-0x000fffff]
[    0.000000] [mem 0x20000000-0xfffbffff] available for PCI devices
[    0.000000] Booting paravirtualized kernel on bare hardware
[    0.000000] clocksource: refined-jiffies: mask: 0xffffffff max_cycles: 0xffffffff, max_idle_ns: 1910969940391419 ns
[    0.000000] setup_percpu: NR_CPUS:64 nr_cpumask_bits:1 nr_cpu_ids:1 nr_node_ids:1
[    0.000000] percpu: Embedded 53 pages/cpu s180136 r8192 d28760 u2097152
[    0.000000] Kernel command line: console=ttyS0 panic=1 nokaslr init=/init
[    0.000000] Dentry cache hash table entries: 65536 (order: 7, 524288 bytes, linear)
[    0.000000] Inode-cache hash table entries: 32768 (order: 6, 262144 bytes, linear)
[    0.000000] Fallback order for Node 0: 0 
[    0.000000] Built 1 zonelists, mobility grouping on.  Total pages: 128736
[    0.000000] Policy zone: DMA32
[    0.000000] mem auto-init: stack:all(zero), heap alloc:off, heap free:off
[    0.000000] Memory: 465324K/523768K available (22528K kernel code, 2736K rwdata, 6560K rodata, 5808K init, 1196K bss, 58188K reserved, 0K cma-reserved)
[    0.000000] SLUB: HWalign=64, Order=0-3, MinObjects=0, CPUs=1, Nodes=1
[    0.000000] ftrace: allocating 52616 entries in 206 pages
[    0.000000] ftrace: allocated 206 pages with 5 groups
[    0.000000] Dynamic Preempt: voluntary
[    0.000000] rcu: Preemptible hierarchical RCU implementation.
[    0.000000] rcu: 	RCU event tracing is enabled.
[    0.000000] rcu: 	RCU restricting CPUs from NR_CPUS=64 to nr_cpu_ids=1.
[    0.000000] 	Trampoline variant of Tasks RCU enabled.
[    0.000000] 	Rude variant of Tasks RCU enabled.
[    0.000000] rcu: RCU calculated value of scheduler-enlistment delay is 100 jiffies.
[    0.000000] rcu: Adjusting geometry for rcu_fanout_leaf=16, nr_cpu_ids=1
[    0.000000] NR_IRQS: 4352, nr_irqs: 256, preallocated irqs: 16
[    0.000000] rcu: srcu_init: Setting srcu_struct sizes based on contention.
[    0.000000] Console: colour VGA+ 80x25
[    0.000000] printk: console [ttyS0] enabled
[    0.000000] ACPI: Core revision 20230628
[    0.000000] clocksource: hpet: mask: 0xffffffff max_cycles: 0xffffffff, max_idle_ns: 19112604467 ns
[    0.010000] APIC: Switch to symmetric I/O mode setup
[    0.027000] ..TIMER: vector=0x30 apic1=0 pin1=2 apic2=-1 pin2=-1
[    0.039000] tsc: Unable to calibrate against PIT
[    0.039000] tsc: using HPET reference calibration
[    0.041000] tsc: Detected 3292.478 MHz processor
[    0.003361] clocksource: tsc-early: mask: 0xffffffffffffffff max_cycles: 0x2f758a52fc3, max_idle_ns: 440795237152 ns
[    0.008183] Calibrating delay loop (skipped), value calculated using timer frequency.. 6584.95 BogoMIPS (lpj=3292478)
[    0.029360] process: using AMD E400 aware idle routine
[    0.031065] Last level iTLB entries: 4KB 512, 2MB 255, 4MB 127
[    0.031717] Last level dTLB entries: 4KB 512, 2MB 255, 4MB 127, 1GB 0
[    0.034659] Spectre V1 : Mitigation: usercopy/swapgs barriers and __user pointer sanitization
[    0.038039] Spectre V2 : Mitigation: Retpolines
[    0.038685] Spectre V2 : Spectre v2 / SpectreRSB mitigation: Filling RSB on context switch
[    0.039755] Spectre V2 : Spectre v2 / SpectreRSB : Filling RSB on VMEXIT
[    0.047964] x86/fpu: x87 FPU will use FXSAVE
[    3.795676] Freeing SMP alternatives memory: 48K
[    3.802963] pid_max: default: 32768 minimum: 301
[    3.828106] LSM: initializing lsm=capability,selinux,integrity
[    3.832903] SELinux:  Initializing.
[    3.858029] Mount-cache hash table entries: 1024 (order: 1, 8192 bytes, linear)
[    3.859782] Mountpoint-cache hash table entries: 1024 (order: 1, 8192 bytes, linear)
[    4.162823] smpboot: CPU0: AMD QEMU Virtual CPU version 2.5+ (family: 0xf, model: 0x6b, stepping: 0x1)
[    4.217718] RCU Tasks: Setting shift to 0 and lim to 1 rcu_task_cb_adjust=1.
[    4.221857] RCU Tasks Rude: Setting shift to 0 and lim to 1 rcu_task_cb_adjust=1.
[    4.229156] Performance Events: PMU not available due to virtualization, using software events only.
[    4.237222] signal: max sigframe size: 1440
[    4.246174] rcu: Hierarchical SRCU implementation.
[    4.247221] rcu: 	Max phase no-delay instances is 400.
[    4.284214] smp: Bringing up secondary CPUs ...
[    4.295779] smp: Brought up 1 node, 1 CPU
[    4.296632] smpboot: Max logical packages: 1
[    4.297845] smpboot: Total of 1 processors activated (6584.95 BogoMIPS)
[    4.386023] devtmpfs: initialized
[    4.476706] clocksource: jiffies: mask: 0xffffffff max_cycles: 0xffffffff, max_idle_ns: 1911260446275000 ns
[    4.481937] futex hash table entries: 256 (order: 2, 16384 bytes, linear)
[    4.509021] PM: RTC time: 23:58:11, date: 2026-08-15
[    4.561003] NET: Registered PF_NETLINK/PF_ROUTE protocol family
[    4.598924] audit: initializing netlink subsys (disabled)
[    4.618671] audit: type=2000 audit(1786838289.651:1): state=initialized audit_enabled=0 res=1
[    4.645774] thermal_sys: Registered thermal governor 'step_wise'
[    4.646690] thermal_sys: Registered thermal governor 'user_space'
[    4.651642] cpuidle: using governor menu
[    4.683294] PCI: Using configuration type 1 for base access
[    4.711827] kprobes: kprobe jump-optimization is enabled. All kprobes are optimized if possible.
[    8.606005] HugeTLB: registered 2.00 MiB page size, pre-allocated 0 pages
[    8.606717] HugeTLB: 28 KiB vmemmap can be freed for a 2.00 MiB page
[    8.757202] ACPI: Added _OSI(Module Device)
[    8.758270] ACPI: Added _OSI(Processor Device)
[    8.760750] ACPI: Added _OSI(3.0 _SCP Extensions)
[    8.761618] ACPI: Added _OSI(Processor Aggregator Device)
[    9.197101] ACPI: 1 ACPI AML tables successfully acquired and loaded
[    9.396684] ACPI: _OSC evaluation for CPUs failed, trying _PDC
[    9.461890] ACPI: Interpreter enabled
[    9.476659] ACPI: PM: (supports S0 S3 S4 S5)
[    9.483664] ACPI: Using IOAPIC for interrupt routing
[    9.488687] PCI: Using host bridge windows from ACPI; if necessary, use "pci=nocrs" and report a bug
[    9.489778] PCI: Using E820 reservations for host bridge windows
[    9.524528] ACPI: Enabled 2 GPEs in block 00 to 0F
[   10.518223] ACPI: PCI Root Bridge [PCI0] (domain 0000 [bus 00-ff])
[   10.519528] acpi PNP0A03:00: _OSC: OS supports [ASPM ClockPM Segments MSI HPX-Type3]
[   10.522073] acpi PNP0A03:00: _OSC: not requesting OS control; OS requires [ExtendedConfig ASPM ClockPM MSI]
[   10.549477] acpi PNP0A03:00: fail to add MMCONFIG information, can't access extended configuration space under this bridge
[   10.604154] PCI host bridge to bus 0000:00
[   10.611173] pci_bus 0000:00: root bus resource [io  0x0000-0x0cf7 window]
[   10.613589] pci_bus 0000:00: root bus resource [io  0x0d00-0xffff window]
[   10.619725] pci_bus 0000:00: root bus resource [mem 0x000a0000-0x000bffff window]
[   10.620696] pci_bus 0000:00: root bus resource [mem 0x20000000-0xfebfffff window]
[   10.621687] pci_bus 0000:00: root bus resource [mem 0x100000000-0x17fffffff window]
[   10.624800] pci_bus 0000:00: root bus resource [bus 00-ff]
[   10.670680] pci 0000:00:00.0: [8086:1237] type 00 class 0x060000
[   10.734104] pci 0000:00:01.0: [8086:7000] type 00 class 0x060100
[   10.743857] pci 0000:00:01.1: [8086:7010] type 00 class 0x010180
[   10.753844] pci 0000:00:01.1: reg 0x20: [io  0xc040-0xc04f]
[   10.757937] pci 0000:00:01.1: legacy IDE quirk: reg 0x10: [io  0x01f0-0x01f7]
[   10.759730] pci 0000:00:01.1: legacy IDE quirk: reg 0x14: [io  0x03f6]
[   10.761040] pci 0000:00:01.1: legacy IDE quirk: reg 0x18: [io  0x0170-0x0177]
[   10.762343] pci 0000:00:01.1: legacy IDE quirk: reg 0x1c: [io  0x0376]
[   10.807168] pci 0000:00:01.3: [8086:7113] type 00 class 0x068000
[   10.812418] pci 0000:00:01.3: quirk: [io  0x0600-0x063f] claimed by PIIX4 ACPI
[   10.813888] pci 0000:00:01.3: quirk: [io  0x0700-0x070f] claimed by PIIX4 SMB
[   10.858774] pci 0000:00:02.0: [1234:1111] type 00 class 0x030000
[   10.864528] pci 0000:00:02.0: reg 0x10: [mem 0xfd000000-0xfdffffff pref]
[   10.868699] pci 0000:00:02.0: reg 0x18: [mem 0xfebf0000-0xfebf0fff]
[   10.875208] pci 0000:00:02.0: reg 0x30: [mem 0xfebe0000-0xfebeffff pref]
[   10.878903] pci 0000:00:02.0: Video device with shadowed ROM at [mem 0x000c0000-0x000dffff]
[   10.928025] pci 0000:00:03.0: [8086:100e] type 00 class 0x020000
[   10.930622] pci 0000:00:03.0: reg 0x10: [mem 0xfebc0000-0xfebdffff]
[   10.934947] pci 0000:00:03.0: reg 0x14: [io  0xc000-0xc03f]
[   10.944364] pci 0000:00:03.0: reg 0x30: [mem 0xfeb80000-0xfebbffff pref]
[   11.210033] ACPI: PCI: Interrupt link LNKA configured for IRQ 10
[   11.222938] ACPI: PCI: Interrupt link LNKB configured for IRQ 10
[   11.263913] ACPI: PCI: Interrupt link LNKC configured for IRQ 11
[   11.272403] ACPI: PCI: Interrupt link LNKD configured for IRQ 11
[   11.277851] ACPI: PCI: Interrupt link LNKS configured for IRQ 9
[   11.360054] iommu: Default domain type: Translated
[   11.360896] iommu: DMA domain TLB invalidation policy: lazy mode
[   11.408312] SCSI subsystem initialized
[   11.429879] ACPI: bus type USB registered
[   11.436528] usbcore: registered new interface driver usbfs
[   11.444005] usbcore: registered new interface driver hub
[   11.468866] usbcore: registered new device driver usb
[   11.473400] pps_core: LinuxPPS API ver. 1 registered
[   11.474676] pps_core: Software ver. 5.3.6 - Copyright 2005-2007 Rodolfo Giometti <giometti@linux.it>
[   11.476834] PTP clock support registered
[   11.549208] Advanced Linux Sound Architecture Driver Initialized.
[   11.687066] NetLabel: Initializing
[   11.688015] NetLabel:  domain hash size = 128
[   11.688691] NetLabel:  protocols = UNLABELED CIPSOv4 CALIPSO
[   11.695961] NetLabel:  unlabeled traffic allowed by default
[   11.758400] PCI: Using ACPI for IRQ routing
[   11.802528] pci 0000:00:02.0: vgaarb: setting as boot VGA device
[   11.802528] pci 0000:00:02.0: vgaarb: bridge control possible
[   11.802528] pci 0000:00:02.0: vgaarb: VGA device added: decodes=io+mem,owns=io+mem,locks=none
[   11.802734] vgaarb: loaded
[   11.846265] hpet: 3 channels of 0 reserved for per-cpu timers
[   11.849630] hpet0: at MMIO 0xfed00000, IRQs 2, 8, 0
[   11.851675] hpet0: 3 comparators, 64-bit 100.000000 MHz counter
[   11.864031] clocksource: Switched to clocksource tsc-early
[   39.042228] VFS: Disk quotas dquot_6.6.0
[   39.050417] VFS: Dquot-cache hash table entries: 512 (order 0, 4096 bytes)
[   39.083277] pnp: PnP ACPI init
[   39.152348] pnp: PnP ACPI: found 6 devices
[   39.476677] clocksource: acpi_pm: mask: 0xffffff max_cycles: 0xffffff, max_idle_ns: 2085701024 ns
[   39.482328] NET: Registered PF_INET protocol family
[   39.495573] IP idents hash table entries: 8192 (order: 4, 65536 bytes, linear)
[   39.545181] tcp_listen_portaddr_hash hash table entries: 256 (order: 0, 4096 bytes, linear)
[   39.547118] Table-perturb hash table entries: 65536 (order: 6, 262144 bytes, linear)
[   39.548540] TCP established hash table entries: 4096 (order: 3, 32768 bytes, linear)
[   39.552502] TCP bind hash table entries: 4096 (order: 5, 131072 bytes, linear)
[   39.556078] TCP: Hash tables configured (established 4096 bind 4096)
[   39.564682] UDP hash table entries: 256 (order: 1, 8192 bytes, linear)
[   39.567910] UDP-Lite hash table entries: 256 (order: 1, 8192 bytes, linear)
[   39.580860] NET: Registered PF_UNIX/PF_LOCAL protocol family
[   39.606683] RPC: Registered named UNIX socket transport module.
[   39.608129] RPC: Registered udp transport module.
[   39.609030] RPC: Registered tcp transport module.
[   39.609669] RPC: Registered tcp-with-tls transport module.
[   39.610821] RPC: Registered tcp NFSv4.1 backchannel transport module.
[   39.657686] pci_bus 0000:00: resource 4 [io  0x0000-0x0cf7 window]
[   39.659933] pci_bus 0000:00: resource 5 [io  0x0d00-0xffff window]
[   39.660683] pci_bus 0000:00: resource 6 [mem 0x000a0000-0x000bffff window]
[   39.661981] pci_bus 0000:00: resource 7 [mem 0x20000000-0xfebfffff window]
[   39.663445] pci_bus 0000:00: resource 8 [mem 0x100000000-0x17fffffff window]
[   39.672373] pci 0000:00:01.0: PIIX3: Enabling Passive Release
[   39.674187] pci 0000:00:00.0: Limiting direct PCI/PCI transfers
[   39.676762] PCI: CLS 0 bytes, default 64
[   39.746349] Unpacking initramfs...
[   39.863207] Initialise system trusted keyrings
[   39.886704] workingset: timestamp_bits=56 max_order=17 bucket_order=0
[   39.952747] NFS: Registering the id_resolver key type
[   39.959945] Key type id_resolver registered
[   39.979187] Key type id_legacy registered
[   39.987505] 9p: Installing v9fs 9p2000 file system support
[   40.795940] tsc: Refined TSC clocksource calibration: 3292.458 MHz
[   40.798996] clocksource: tsc: mask: 0xffffffffffffffff max_cycles: 0x2f7577a0ba3, max_idle_ns: 440795308954 ns
[   40.800614] clocksource: Switched to clocksource tsc
[   40.984110] Key type asymmetric registered
[   40.984715] Asymmetric key parser 'x509' registered
[   40.988079] Block layer SCSI generic (bsg) driver version 0.4 loaded (major 251)
[   40.994060] io scheduler mq-deadline registered
[   40.995290] io scheduler kyber registered
[   41.072051] input: Power Button as /devices/LNXSYSTM:00/LNXPWRBN:00/input/input0
[   41.139690] ACPI: button: Power Button [PWRF]
[   41.253530] Serial: 8250/16550 driver, 4 ports, IRQ sharing enabled
[   41.342254] 00:04: ttyS0 at I/O 0x3f8 (irq = 4, base_baud = 115200) is a 16550A
[   41.531090] Non-volatile memory driver v1.3
[   41.532228] Linux agpgart interface v0.103
[   41.577328] ACPI: bus type drm_connector registered
[   42.062660] loop: module loaded
[   42.266780] scsi host0: ata_piix
[   42.312480] scsi host1: ata_piix
[   42.338352] ata1: PATA max MWDMA2 cmd 0x1f0 ctl 0x3f6 bmdma 0xc040 irq 14
[   42.339997] ata2: PATA max MWDMA2 cmd 0x170 ctl 0x376 bmdma 0xc048 irq 15
[   42.466894] e100: Intel(R) PRO/100 Network Driver
[   42.467544] e100: Copyright(c) 1999-2006 Intel Corporation
[   42.470520] e1000: Intel(R) PRO/1000 Network Driver
[   42.472166] e1000: Copyright (c) 1999-2006 Intel Corporation.
[   42.532517] ata2: found unknown device (class 0)
[   42.623388] ata2.00: ATAPI: QEMU DVD-ROM, 2.5+, max UDMA/100
[   42.850255] scsi 1:0:0:0: CD-ROM            QEMU     QEMU DVD-ROM     2.5+ PQ: 0 ANSI: 5
[   42.889345] ACPI: \_SB_.LNKC: Enabled at IRQ 11
[   42.904440] Freeing initrd memory: 1148K
[   43.029439] sr 1:0:0:0: [sr0] scsi3-mmc drive: 4x/4x cd/rw xa/form2 tray
[   43.032248] cdrom: Uniform CD-ROM driver Revision: 3.20
[   43.149134] sr 1:0:0:0: Attached scsi generic sg0 type 5
[   43.555360] e1000 0000:00:03.0 eth0: (PCI:33MHz:32-bit) 52:54:00:12:34:56
[   43.558873] e1000 0000:00:03.0 eth0: Intel(R) PRO/1000 Network Connection
[   43.564864] e1000e: Intel(R) PRO/1000 Network Driver
[   43.565501] e1000e: Copyright(c) 1999 - 2015 Intel Corporation.
[   43.569546] sky2: driver version 1.30
[   43.594558] usbcore: registered new interface driver usblp
[   43.597799] usbcore: registered new interface driver usb-storage
[   43.609373] i8042: PNP: PS/2 Controller [PNP0303:KBD,PNP0f13:MOU] at 0x60,0x64 irq 1,12
[   43.634524] serio: i8042 KBD port at 0x60,0x64 irq 1
[   43.636597] serio: i8042 AUX port at 0x60,0x64 irq 12
[   43.669189] rtc_cmos 00:05: RTC can wake from S4
[   43.698214] input: AT Translated Set 2 keyboard as /devices/platform/i8042/serio0/input/input1
[   43.732690] rtc_cmos 00:05: registered as rtc0
[   43.752063] rtc_cmos 00:05: alarms up to one day, y3k, 242 bytes nvram, hpet irqs
[   43.762995] fail to initialize ptp_kvm
[   43.780369] device-mapper: ioctl: 4.48.0-ioctl (2023-03-01) initialised: dm-devel@redhat.com
[   43.786161] hid: raw HID events driver (C) Jiri Kosina
[   43.817444] usbcore: registered new interface driver usbhid
[   43.818825] usbhid: USB HID core driver
[   43.871476] Initializing XFRM netlink socket
[   43.876300] NET: Registered PF_INET6 protocol family
[   43.928226] Segment Routing with IPv6
[   43.930894] In-situ OAM (IOAM) with IPv6
[   43.939798] sit: IPv6, IPv4 and MPLS over IPv4 tunneling driver
[   43.964065] NET: Registered PF_PACKET protocol family
[   43.972132] 9pnet: Installing 9P2000 support
[   43.975441] Key type dns_resolver registered
[   43.998222] IPI shorthand broadcast: enabled
[   44.441900] input: ImExPS/2 Generic Explorer Mouse as /devices/platform/i8042/serio1/input/input3
[   44.770002] sched_clock: Marking stable (44810147370, -40471237)->(45267913079, -498236946)
[   44.786233] registered taskstats version 1
[   44.788095] Loading compiled-in X.509 certificates
[   45.073176] PM:   Magic number: 6:25:1010
[   45.080261] printk: console [netcon0] enabled
[   45.082334] netconsole: network logging started
[   45.097032] cfg80211: Loading compiled-in X.509 certificates for regulatory database
[   45.225929] kworker/u2:2 (46) used greatest stack depth: 14656 bytes left
[   45.313500] Loaded X.509 cert 'sforshee: 00b28ddf47aef9cea7'
[   45.327727] Loaded X.509 cert 'wens: 61c038651aabdcf94bd0ac7ff06c7248db18c600'
[   45.347376] ALSA device list:
[   45.351594]   No soundcards found.
[   45.358472] platform regulatory.0: Direct firmware load for regulatory.db failed with error -2
[   45.366557] cfg80211: failed to load regulatory.db
[   45.746506] Freeing unused kernel image (initmem) memory: 5808K
[   45.748972] Write protecting the kernel read-only data: 30720k
[   45.793125] Freeing unused kernel image (rodata/data gap) memory: 1632K
[   48.595465] x86/mm: Checked W+X mappings: passed, no W+X pages found.
[   48.601604] Run /init as init process
[   49.072937] mount (49) used greatest stack depth: 14416 bytes left
[   49.242222] livepatch_LP_PILOT_02_version: loading out-of-tree module taints kernel.
[   49.244157] livepatch_LP_PILOT_02_version: tainting kernel with TAINT_LIVEPATCH
[   49.303540] livepatch: enabling patch 'livepatch_LP_PILOT_02_version'
[   49.642213] livepatch: 'livepatch_LP_PILOT_02_version': starting patching transition
[   54.334544] livepatch: 'livepatch_LP_PILOT_02_version': patching complete
[   54.371266] insmod (51) used greatest stack depth: 13824 bytes left
INSMOD_RC=0
P2_PASS=1
/init: line 8: can't create /sys/kernel/livepatch/*/enabled: nonexistent directory
P3_PASS=0
[   57.021007] ACPI: PM: Preparing to enter system sleep state S5
[   57.026007] reboot: Power down
